../Src/HAL/LEDMAT/LEDMAT_program.c:40:13:LEDMAT_SysTick_CallBack_Handler	0	static
../Src/HAL/LEDMAT/LEDMAT_program.c:87:13:voidScrollLeft	0	static
../Src/HAL/LEDMAT/LEDMAT_program.c:44:13:voidDisableAllRows	16	static
../Src/HAL/LEDMAT/LEDMAT_program.c:52:13:voidDisableAllColumns	16	static
../Src/HAL/LEDMAT/LEDMAT_program.c:60:13:voidUpdateScreen_WithDelay	32	static
../Src/HAL/LEDMAT/LEDMAT_program.c:110:6:HLEDMAT_voidInit	16	static
../Src/HAL/LEDMAT/LEDMAT_program.c:157:6:HLED_voidDisplayFrame	32	static
../Src/HAL/LEDMAT/LEDMAT_program.c:178:6:HLED_voidDisplayFrameWithDelay	40	static
../Src/HAL/LEDMAT/LEDMAT_program.c:203:6:HLED_voidDisplayChar	0	static
../Src/HAL/LEDMAT/LEDMAT_program.c:208:6:HLED_voidDisplayString	32	static
../Src/HAL/LEDMAT/LEDMAT_program.c:220:6:HLED_voidDisplayScrollingString	24	static
../Src/HAL/LEDMAT/LEDMAT_program.c:244:6:HLED_voidScrollFrameRight	4	static
../Src/HAL/LEDMAT/LEDMAT_program.c:250:6:HLED_voidScrollFrameLeft	8	static
