Archive member included to satisfy reference by file (symbol)

D:/Installed Programs/STM32CubeIDE_1.13.2/STM32CubeIDE/plugins/com.st.stm32cube.ide.mcu.externaltools.gnu-tools-for-stm32.11.3.rel1.win32_1.1.1.202309131626/tools/bin/../lib/gcc/arm-none-eabi/11.3.1/../../../../arm-none-eabi/lib/thumb/v7e-m+fp/hard\libc_nano.a(libc_a-exit.o)
                              D:/Installed Programs/STM32CubeIDE_1.13.2/STM32CubeIDE/plugins/com.st.stm32cube.ide.mcu.externaltools.gnu-tools-for-stm32.11.3.rel1.win32_1.1.1.202309131626/tools/bin/../lib/gcc/arm-none-eabi/11.3.1/../../../../arm-none-eabi/lib/thumb/v7e-m+fp/hard/crt0.o (exit)
D:/Installed Programs/STM32CubeIDE_1.13.2/STM32CubeIDE/plugins/com.st.stm32cube.ide.mcu.externaltools.gnu-tools-for-stm32.11.3.rel1.win32_1.1.1.202309131626/tools/bin/../lib/gcc/arm-none-eabi/11.3.1/../../../../arm-none-eabi/lib/thumb/v7e-m+fp/hard\libc_nano.a(libc_a-findfp.o)
                              D:/Installed Programs/STM32CubeIDE_1.13.2/STM32CubeIDE/plugins/com.st.stm32cube.ide.mcu.externaltools.gnu-tools-for-stm32.11.3.rel1.win32_1.1.1.202309131626/tools/bin/../lib/gcc/arm-none-eabi/11.3.1/../../../../arm-none-eabi/lib/thumb/v7e-m+fp/hard\libc_nano.a(libc_a-exit.o) (__stdio_exit_handler)
D:/Installed Programs/STM32CubeIDE_1.13.2/STM32CubeIDE/plugins/com.st.stm32cube.ide.mcu.externaltools.gnu-tools-for-stm32.11.3.rel1.win32_1.1.1.202309131626/tools/bin/../lib/gcc/arm-none-eabi/11.3.1/../../../../arm-none-eabi/lib/thumb/v7e-m+fp/hard\libc_nano.a(libc_a-fwalk.o)
                              D:/Installed Programs/STM32CubeIDE_1.13.2/STM32CubeIDE/plugins/com.st.stm32cube.ide.mcu.externaltools.gnu-tools-for-stm32.11.3.rel1.win32_1.1.1.202309131626/tools/bin/../lib/gcc/arm-none-eabi/11.3.1/../../../../arm-none-eabi/lib/thumb/v7e-m+fp/hard\libc_nano.a(libc_a-findfp.o) (_fwalk_sglue)
D:/Installed Programs/STM32CubeIDE_1.13.2/STM32CubeIDE/plugins/com.st.stm32cube.ide.mcu.externaltools.gnu-tools-for-stm32.11.3.rel1.win32_1.1.1.202309131626/tools/bin/../lib/gcc/arm-none-eabi/11.3.1/../../../../arm-none-eabi/lib/thumb/v7e-m+fp/hard\libc_nano.a(libc_a-stdio.o)
                              D:/Installed Programs/STM32CubeIDE_1.13.2/STM32CubeIDE/plugins/com.st.stm32cube.ide.mcu.externaltools.gnu-tools-for-stm32.11.3.rel1.win32_1.1.1.202309131626/tools/bin/../lib/gcc/arm-none-eabi/11.3.1/../../../../arm-none-eabi/lib/thumb/v7e-m+fp/hard\libc_nano.a(libc_a-findfp.o) (__sread)
D:/Installed Programs/STM32CubeIDE_1.13.2/STM32CubeIDE/plugins/com.st.stm32cube.ide.mcu.externaltools.gnu-tools-for-stm32.11.3.rel1.win32_1.1.1.202309131626/tools/bin/../lib/gcc/arm-none-eabi/11.3.1/../../../../arm-none-eabi/lib/thumb/v7e-m+fp/hard\libc_nano.a(libc_a-memset.o)
                              D:/Installed Programs/STM32CubeIDE_1.13.2/STM32CubeIDE/plugins/com.st.stm32cube.ide.mcu.externaltools.gnu-tools-for-stm32.11.3.rel1.win32_1.1.1.202309131626/tools/bin/../lib/gcc/arm-none-eabi/11.3.1/../../../../arm-none-eabi/lib/thumb/v7e-m+fp/hard/crt0.o (memset)
D:/Installed Programs/STM32CubeIDE_1.13.2/STM32CubeIDE/plugins/com.st.stm32cube.ide.mcu.externaltools.gnu-tools-for-stm32.11.3.rel1.win32_1.1.1.202309131626/tools/bin/../lib/gcc/arm-none-eabi/11.3.1/../../../../arm-none-eabi/lib/thumb/v7e-m+fp/hard\libc_nano.a(libc_a-closer.o)
                              D:/Installed Programs/STM32CubeIDE_1.13.2/STM32CubeIDE/plugins/com.st.stm32cube.ide.mcu.externaltools.gnu-tools-for-stm32.11.3.rel1.win32_1.1.1.202309131626/tools/bin/../lib/gcc/arm-none-eabi/11.3.1/../../../../arm-none-eabi/lib/thumb/v7e-m+fp/hard\libc_nano.a(libc_a-stdio.o) (_close_r)
D:/Installed Programs/STM32CubeIDE_1.13.2/STM32CubeIDE/plugins/com.st.stm32cube.ide.mcu.externaltools.gnu-tools-for-stm32.11.3.rel1.win32_1.1.1.202309131626/tools/bin/../lib/gcc/arm-none-eabi/11.3.1/../../../../arm-none-eabi/lib/thumb/v7e-m+fp/hard\libc_nano.a(libc_a-reent.o)
                              D:/Installed Programs/STM32CubeIDE_1.13.2/STM32CubeIDE/plugins/com.st.stm32cube.ide.mcu.externaltools.gnu-tools-for-stm32.11.3.rel1.win32_1.1.1.202309131626/tools/bin/../lib/gcc/arm-none-eabi/11.3.1/../../../../arm-none-eabi/lib/thumb/v7e-m+fp/hard\libc_nano.a(libc_a-closer.o) (errno)
D:/Installed Programs/STM32CubeIDE_1.13.2/STM32CubeIDE/plugins/com.st.stm32cube.ide.mcu.externaltools.gnu-tools-for-stm32.11.3.rel1.win32_1.1.1.202309131626/tools/bin/../lib/gcc/arm-none-eabi/11.3.1/../../../../arm-none-eabi/lib/thumb/v7e-m+fp/hard\libc_nano.a(libc_a-impure.o)
                              D:/Installed Programs/STM32CubeIDE_1.13.2/STM32CubeIDE/plugins/com.st.stm32cube.ide.mcu.externaltools.gnu-tools-for-stm32.11.3.rel1.win32_1.1.1.202309131626/tools/bin/../lib/gcc/arm-none-eabi/11.3.1/../../../../arm-none-eabi/lib/thumb/v7e-m+fp/hard\libc_nano.a(libc_a-reent.o) (_impure_ptr)
[...]
Memory Configuration

Name             Origin             Length             Attributes
RAM              0x0000000020000000 0x0000000000010000 xrw
FLASH            0x0000000008008000 0x0000000000040000 xr
*default*        0x0000000000000000 0xffffffffffffffff

Linker script and memory map

LOAD D:/Installed Programs/STM32CubeIDE_1.13.2/STM32CubeIDE/plugins/com.st.stm32cube.ide.mcu.externaltools.gnu-tools-for-stm32.11.3.rel1.win32_1.1.1.202309131626/tools/bin/../lib/gcc/arm-none-eabi/11.3.1/thumb/v7e-m+fp/hard/crti.o
LOAD D:/Installed Programs/STM32CubeIDE_1.13.2/STM32CubeIDE/plugins/com.st.stm32cube.ide.mcu.externaltools.gnu-tools-for-stm32.11.3.rel1.win32_1.1.1.202309131626/tools/bin/../lib/gcc/arm-none-eabi/11.3.1/thumb/v7e-m+fp/hard/crtbegin.o
LOAD D:/Installed Programs/STM32CubeIDE_1.13.2/STM32CubeIDE/plugins/com.st.stm32cube.ide.mcu.externaltools.gnu-tools-for-stm32.11.3.rel1.win32_1.1.1.202309131626/tools/bin/../lib/gcc/arm-none-eabi/11.3.1/../../../../arm-none-eabi/lib/thumb/v7e-m+fp/hard/crt0.o
LOAD ./Src/HAL/BUTTON/BUTTON_Lcfg.o
LOAD ./Src/HAL/BUTTON/BUTTON_program.o
LOAD ./Src/HAL/IR_Receiver/IR_Lcfg.o
LOAD ./Src/HAL/IR_Receiver/IR_program.o
LOAD ./Src/HAL/LED/LED_LCFG.o
LOAD ./Src/HAL/LED/LED_program.o
LOAD ./Src/HAL/LEDMAT/LEDMAT_LCFG.o
LOAD ./Src/HAL/LEDMAT/LEDMAT_font.o
LOAD ./Src/HAL/LEDMAT/LEDMAT_program.o
LOAD ./Src/HAL/R2R_DAC/R2RDAC_Lcfg.o
LOAD ./Src/HAL/R2R_DAC/R2RDAC_program.o
LOAD ./Src/HAL/RGB_LED/RGB_Lcfg.o
LOAD ./Src/HAL/RGB_LED/RGB_program.o
LOAD ./Src/HAL/SHIFT_REG_16BIT/SHIFTREG_Lcfg.o
LOAD ./Src/HAL/SHIFT_REG_16BIT/SHIFTREG_program.o
LOAD ./Src/HAL/TFT/TFT_Font.o
LOAD ./Src/HAL/TFT/TFT_Lcfg.o
LOAD ./Src/HAL/TFT/TFT_program.o
LOAD ./Src/MCAL/DMA/DMA_Lcfg.o
LOAD ./Src/MCAL/DMA/DMA_program.o
LOAD ./Src/MCAL/EXTI/EXTI_Lcfg.o
LOAD ./Src/MCAL/EXTI/EXTI_program.o
LOAD ./Src/MCAL/GPIO/GPIO_program.o
LOAD ./Src/MCAL/NVIC/NVIC_program.o
LOAD ./Src/MCAL/RCC/RCC_program.o
LOAD ./Src/MCAL/SCB/SCB_program.o
LOAD ./Src/MCAL/SPI/SPI_Lcfg.o
LOAD ./Src/MCAL/SPI/SPI_program.o
LOAD ./Src/MCAL/SYSTICK/SYSTICK_program.o
LOAD ./Src/main.o
LOAD ./Src/syscalls.o
LOAD ./Src/sysmem.o
LOAD ./Startup/System_Init.o
LOAD ./Startup/startup_stm32f401ccux.o
START GROUP
LOAD D:/Installed Programs/STM32CubeIDE_1.13.2/STM32CubeIDE/plugins/com.st.stm32cube.ide.mcu.externaltools.gnu-tools-for-stm32.11.3.rel1.win32_1.1.1.202309131626/tools/bin/../lib/gcc/arm-none-eabi/11.3.1/../../../../arm-none-eabi/lib/thumb/v7e-m+fp/hard\libc_nano.a
LOAD D:/Installed Programs/STM32CubeIDE_1.13.2/STM32CubeIDE/plugins/com.st.stm32cube.ide.mcu.externaltools.gnu-tools-for-stm32.11.3.rel1.win32_1.1.1.202309131626/tools/bin/../lib/gcc/arm-none-eabi/11.3.1/../../../../arm-none-eabi/lib/thumb/v7e-m+fp/hard\libm.a
END GROUP
START GROUP
LOAD D:/Installed Programs/STM32CubeIDE_1.13.2/STM32CubeIDE/plugins/com.st.stm32cube.ide.mcu.externaltools.gnu-tools-for-stm32.11.3.rel1.win32_1.1.1.202309131626/tools/bin/../lib/gcc/arm-none-eabi/11.3.1/thumb/v7e-m+fp/hard\libgcc.a
LOAD D:/Installed Programs/STM32CubeIDE_1.13.2/STM32CubeIDE/plugins/com.st.stm32cube.ide.mcu.externaltools.gnu-tools-for-stm32.11.3.rel1.win32_1.1.1.202309131626/tools/bin/../lib/gcc/arm-none-eabi/11.3.1/../../../../arm-none-eabi/lib/thumb/v7e-m+fp/hard\libc_nano.a
END GROUP
START GROUP
LOAD D:/Installed Programs/STM32CubeIDE_1.13.2/STM32CubeIDE/plugins/com.st.stm32cube.ide.mcu.externaltools.gnu-tools-for-stm32.11.3.rel1.win32_1.1.1.202309131626/tools/bin/../lib/gcc/arm-none-eabi/11.3.1/thumb/v7e-m+fp/hard\libgcc.a
LOAD D:/Installed Programs/STM32CubeIDE_1.13.2/STM32CubeIDE/plugins/com.st.stm32cube.ide.mcu.externaltools.gnu-tools-for-stm32.11.3.rel1.win32_1.1.1.202309131626/tools/bin/../lib/gcc/arm-none-eabi/11.3.1/../../../../arm-none-eabi/lib/thumb/v7e-m+fp/hard\libc_nano.a
LOAD D:/Installed Programs/STM32CubeIDE_1.13.2/STM32CubeIDE/plugins/com.st.stm32cube.ide.mcu.externaltools.gnu-tools-for-stm32.11.3.rel1.win32_1.1.1.202309131626/tools/bin/../lib/gcc/arm-none-eabi/11.3.1/../../../../arm-none-eabi/lib/thumb/v7e-m+fp/hard\libnosys.a
END GROUP
START GROUP
LOAD D:/Installed Programs/STM32CubeIDE_1.13.2/STM32CubeIDE/plugins/com.st.stm32cube.ide.mcu.externaltools.gnu-tools-for-stm32.11.3.rel1.win32_1.1.1.202309131626/tools/bin/../lib/gcc/arm-none-eabi/11.3.1/thumb/v7e-m+fp/hard\libgcc.a
LOAD D:/Installed Programs/STM32CubeIDE_1.13.2/STM32CubeIDE/plugins/com.st.stm32cube.ide.mcu.externaltools.gnu-tools-for-stm32.11.3.rel1.win32_1.1.1.202309131626/tools/bin/../lib/gcc/arm-none-eabi/11.3.1/../../../../arm-none-eabi/lib/thumb/v7e-m+fp/hard\libc_nano.a
LOAD D:/Installed Programs/STM32CubeIDE_1.13.2/STM32CubeIDE/plugins/com.st.stm32cube.ide.mcu.externaltools.gnu-tools-for-stm32.11.3.rel1.win32_1.1.1.202309131626/tools/bin/../lib/gcc/arm-none-eabi/11.3.1/../../../../arm-none-eabi/lib/thumb/v7e-m+fp/hard\libnosys.a
END GROUP
LOAD D:/Installed Programs/STM32CubeIDE_1.13.2/STM32CubeIDE/plugins/com.st.stm32cube.ide.mcu.externaltools.gnu-tools-for-stm32.11.3.rel1.win32_1.1.1.202309131626/tools/bin/../lib/gcc/arm-none-eabi/11.3.1/thumb/v7e-m+fp/hard/crtend.o
LOAD D:/Installed Programs/STM32CubeIDE_1.13.2/STM32CubeIDE/plugins/com.st.stm32cube.ide.mcu.externaltools.gnu-tools-for-stm32.11.3.rel1.win32_1.1.1.202309131626/tools/bin/../lib/gcc/arm-none-eabi/11.3.1/thumb/v7e-m+fp/hard/crtn.o
                0x0000000020010000                _estack = (ORIGIN (RAM) + LENGTH (RAM))
                0x0000000000000200                _Min_Heap_Size = 0x200
                0x0000000000000400                _Min_Stack_Size = 0x400

.isr_vector     0x0000000008008000      0x194
                0x0000000008008000                . = ALIGN (0x4)
 *(.isr_vector)
 .isr_vector    0x0000000008008000      0x194 ./Startup/startup_stm32f401ccux.o
                0x0000000008008000                g_pfnVectors
                0x0000000008008194                . = ALIGN (0x4)

.text           0x0000000008008198     0x1eb0
                0x0000000008008198                . = ALIGN (0x4)
 *(.text)
 .text          0x0000000008008198       0x40 D:/Installed Programs/STM32CubeIDE_1.13.2/STM32CubeIDE/plugins/com.st.stm32cube.ide.mcu.externaltools.gnu-tools-for-stm32.11.3.rel1.win32_1.1.1.202309131626/tools/bin/../lib/gcc/arm-none-eabi/11.3.1/thumb/v7e-m+fp/hard/crtbegin.o
 .text          0x00000000080081d8      0x254 D:/Installed Programs/STM32CubeIDE_1.13.2/STM32CubeIDE/plugins/com.st.stm32cube.ide.mcu.externaltools.gnu-tools-for-stm32.11.3.rel1.win32_1.1.1.202309131626/tools/bin/../lib/gcc/arm-none-eabi/11.3.1/thumb/v7e-m+fp/hard\libgcc.a(_arm_muldf3.o)
                0x00000000080081d8                __muldf3
                0x00000000080081d8                __aeabi_dmul
 .text          0x000000000800842c      0x378 D:/Installed Programs/STM32CubeIDE_1.13.2/STM32CubeIDE/plugins/com.st.stm32cube.ide.mcu.externaltools.gnu-tools-for-stm32.11.3.rel1.win32_1.1.1.202309131626/tools/bin/../lib/gcc/arm-none-eabi/11.3.1/thumb/v7e-m+fp/hard\libgcc.a(_arm_addsubdf3.o)
                0x000000000800842c                __aeabi_drsub
                0x0000000008008434                __aeabi_dsub
                0x0000000008008434                __subdf3
                0x0000000008008438                __aeabi_dadd
                0x0000000008008438                __adddf3
                0x00000000080086b0                __floatunsidf
                0x00000000080086b0                __aeabi_ui2d
                0x00000000080086d0                __floatsidf
                0x00000000080086d0                __aeabi_i2d
                0x00000000080086f4                __aeabi_f2d
                0x00000000080086f4                __extendsfdf2
                0x0000000008008738                __floatundidf
                0x0000000008008738                __aeabi_ul2d
                0x0000000008008748                __floatdidf
                0x0000000008008748                __aeabi_l2d
 .text          0x00000000080087a4       0x40 D:/Installed Programs/STM32CubeIDE_1.13.2/STM32CubeIDE/plugins/com.st.stm32cube.ide.mcu.externaltools.gnu-tools-for-stm32.11.3.rel1.win32_1.1.1.202309131626/tools/bin/../lib/gcc/arm-none-eabi/11.3.1/thumb/v7e-m+fp/hard\libgcc.a(_arm_fixunsdfsi.o)
                0x00000000080087a4                __aeabi_d2uiz
                0x00000000080087a4                __fixunsdfsi
 *(.text*)
 .text.TFT_GPIO_PinsInit
                0x00000000080087e4       0x58 ./Src/HAL/TFT/TFT_program.o
 .text.TFT_ResetSequence
                0x000000000800883c       0xd4 ./Src/HAL/TFT/TFT_program.o
 .text.TFT_voidSendCommand
                0x0000000008008910       0x36 ./Src/HAL/TFT/TFT_program.o
 .text.TFT_voidSendData
                0x0000000008008946       0x36 ./Src/HAL/TFT/TFT_program.o
 .text.TFT_voidInit
                0x000000000800897c       0xb4 ./Src/HAL/TFT/TFT_program.o
                0x000000000800897c                TFT_voidInit
 .text.TFT_voidSetWindow
                0x0000000008008a30       0x82 ./Src/HAL/TFT/TFT_program.o
                0x0000000008008a30                TFT_voidSetWindow
 *fill*         0x0000000008008ab2        0x2 
 .text.TFT_WriteCharPosWithBgColor
                0x0000000008008ab4      0x14c ./Src/HAL/TFT/TFT_program.o
                0x0000000008008ab4                TFT_WriteCharPosWithBgColor
 .text.TFT_WriteStringPosWithBgColor
                0x0000000008008c00       0x7e ./Src/HAL/TFT/TFT_program.o
                0x0000000008008c00                TFT_WriteStringPosWithBgColor
 .text.TFT_FillScreen
                0x0000000008008c7e       0x84 ./Src/HAL/TFT/TFT_program.o
                0x0000000008008c7e                TFT_FillScreen
 .text.TFT_ClearScreen
                0x0000000008008d02       0x30 ./Src/HAL/TFT/TFT_program.o
                0x0000000008008d02                TFT_ClearScreen
 .text.DMA_ClearTCInterruptFlag
                0x0000000008008d32       0xe2 ./Src/MCAL/DMA/DMA_program.o
 .text.DMA_Interrupt_Init
                0x0000000008008e14       0xec ./Src/MCAL/DMA/DMA_program.o
 .text.MDMA_voidInit
                0x0000000008008f00       0xa8 ./Src/MCAL/DMA/DMA_program.o
                0x0000000008008f00                MDMA_voidInit
 .text.MDMA_voidStart
                0x0000000008008fa8       0xc4 ./Src/MCAL/DMA/DMA_program.o
                0x0000000008008fa8                MDMA_voidStart
 .text.DMA1_Stream0_IRQHandler
                0x000000000800906c       0x2c ./Src/MCAL/DMA/DMA_program.o
                0x000000000800906c                DMA1_Stream0_IRQHandler
 .text.DMA1_Stream1_IRQHandler
                0x0000000008009098       0x2c ./Src/MCAL/DMA/DMA_program.o
                0x0000000008009098                DMA1_Stream1_IRQHandler
 .text.DMA1_Stream2_IRQHandler
                0x00000000080090c4       0x2c ./Src/MCAL/DMA/DMA_program.o
                0x00000000080090c4                DMA1_Stream2_IRQHandler
 .text.DMA1_Stream3_IRQHandler
                0x00000000080090f0       0x2c ./Src/MCAL/DMA/DMA_program.o
                0x00000000080090f0                DMA1_Stream3_IRQHandler
 .text.DMA1_Stream4_IRQHandler
                0x000000000800911c       0x2c ./Src/MCAL/DMA/DMA_program.o
                0x000000000800911c                DMA1_Stream4_IRQHandler
 .text.DMA1_Stream5_IRQHandler
                0x0000000008009148       0x2c ./Src/MCAL/DMA/DMA_program.o
                0x0000000008009148                DMA1_Stream5_IRQHandler
 .text.DMA1_Stream6_IRQHandler
                0x0000000008009174       0x2c ./Src/MCAL/DMA/DMA_program.o
                0x0000000008009174                DMA1_Stream6_IRQHandler
 .text.DMA1_Stream7_IRQHandler
                0x00000000080091a0       0x2c ./Src/MCAL/DMA/DMA_program.o
                0x00000000080091a0                DMA1_Stream7_IRQHandler
 .text.DMA2_Stream0_IRQHandler
                0x00000000080091cc       0x2c ./Src/MCAL/DMA/DMA_program.o
                0x00000000080091cc                DMA2_Stream0_IRQHandler
 .text.DMA2_Stream1_IRQHandler
                0x00000000080091f8       0x2c ./Src/MCAL/DMA/DMA_program.o
                0x00000000080091f8                DMA2_Stream1_IRQHandler
 .text.DMA2_Stream2_IRQHandler
                0x0000000008009224       0x2c ./Src/MCAL/DMA/DMA_program.o
                0x0000000008009224                DMA2_Stream2_IRQHandler
 .text.DMA2_Stream3_IRQHandler
                0x0000000008009250       0x2c ./Src/MCAL/DMA/DMA_program.o
                0x0000000008009250                DMA2_Stream3_IRQHandler
 .text.DMA2_Stream4_IRQHandler
                0x000000000800927c       0x2c ./Src/MCAL/DMA/DMA_program.o
                0x000000000800927c                DMA2_Stream4_IRQHandler
 .text.DMA2_Stream5_IRQHandler
                0x00000000080092a8       0x2c ./Src/MCAL/DMA/DMA_program.o
                0x00000000080092a8                DMA2_Stream5_IRQHandler
 .text.DMA2_Stream6_IRQHandler
                0x00000000080092d4       0x2c ./Src/MCAL/DMA/DMA_program.o
                0x00000000080092d4                DMA2_Stream6_IRQHandler
 .text.DMA2_Stream7_IRQHandler
                0x0000000008009300       0x2c ./Src/MCAL/DMA/DMA_program.o
                0x0000000008009300                DMA2_Stream7_IRQHandler
 .text.MEXTI_voidClearPendingFlag
                0x000000000800932c       0x30 ./Src/MCAL/EXTI/EXTI_program.o
                0x000000000800932c                MEXTI_voidClearPendingFlag
 .text.MEXTI_u8GetPendingFlag
                0x000000000800935c       0x2c ./Src/MCAL/EXTI/EXTI_program.o
                0x000000000800935c                MEXTI_u8GetPendingFlag
 .text.EXTI0_IRQHandler
                0x0000000008009388       0x20 ./Src/MCAL/EXTI/EXTI_program.o
                0x0000000008009388                EXTI0_IRQHandler
 .text.EXTI1_IRQHandler
                0x00000000080093a8       0x20 ./Src/MCAL/EXTI/EXTI_program.o
                0x00000000080093a8                EXTI1_IRQHandler
 .text.EXTI2_IRQHandler
                0x00000000080093c8       0x20 ./Src/MCAL/EXTI/EXTI_program.o
                0x00000000080093c8                EXTI2_IRQHandler
 .text.EXTI3_IRQHandler
                0x00000000080093e8       0x20 ./Src/MCAL/EXTI/EXTI_program.o
                0x00000000080093e8                EXTI3_IRQHandler
 .text.EXTI4_IRQHandler
                0x0000000008009408       0x20 ./Src/MCAL/EXTI/EXTI_program.o
                0x0000000008009408                EXTI4_IRQHandler
 .text.EXTI9_5_IRQHandler
                0x0000000008009428       0xb4 ./Src/MCAL/EXTI/EXTI_program.o
                0x0000000008009428                EXTI9_5_IRQHandler
 .text.EXTI15_10_IRQHandler
                0x00000000080094dc       0xd8 ./Src/MCAL/EXTI/EXTI_program.o
                0x00000000080094dc                EXTI15_10_IRQHandler
 .text.GPIO_voidSetPinMode
                0x00000000080095b4       0xb4 ./Src/MCAL/GPIO/GPIO_program.o
                0x00000000080095b4                GPIO_voidSetPinMode
 .text.GPIO_voidSetPinAlternateFunction
                0x0000000008009668      0x150 ./Src/MCAL/GPIO/GPIO_program.o
                0x0000000008009668                GPIO_voidSetPinAlternateFunction
 .text.GPIO_voidSetPinValue
                0x00000000080097b8       0xc0 ./Src/MCAL/GPIO/GPIO_program.o
                0x00000000080097b8                GPIO_voidSetPinValue
 .text.MNVIC_voidInit
                0x0000000008009878        0xc ./Src/MCAL/NVIC/NVIC_program.o
                0x0000000008009878                MNVIC_voidInit
 .text.MNVIC_voidEnableIRQ
                0x0000000008009884       0x3c ./Src/MCAL/NVIC/NVIC_program.o
                0x0000000008009884                MNVIC_voidEnableIRQ
 .text.RCC_void_HSE_Init
                0x00000000080098c0       0x60 ./Src/MCAL/RCC/RCC_program.o
 .text.RCC_void_AHB1Prescaler_Init
                0x0000000008009920       0x28 ./Src/MCAL/RCC/RCC_program.o
 .text.RCC_void_APB1Prescaler_Init
                0x0000000008009948       0x28 ./Src/MCAL/RCC/RCC_program.o
 .text.RCC_void_APB2Prescaler_Init
                0x0000000008009970       0x28 ./Src/MCAL/RCC/RCC_program.o
 .text.RCC_voidInit
                0x0000000008009998       0x18 ./Src/MCAL/RCC/RCC_program.o
                0x0000000008009998                RCC_voidInit
 .text.RCC_voidEnablePeripheralClock
                0x00000000080099b0       0x80 ./Src/MCAL/RCC/RCC_program.o
                0x00000000080099b0                RCC_voidEnablePeripheralClock
 .text.MSCB_voidSetPriorityGrouping
                0x0000000008009a30       0x48 ./Src/MCAL/SCB/SCB_program.o
                0x0000000008009a30                MSCB_voidSetPriorityGrouping
 .text.MSPI_GPIOInit
                0x0000000008009a78       0xd8 ./Src/MCAL/SPI/SPI_program.o
 .text.SPI_Timeout_Handler
                0x0000000008009b50       0x18 ./Src/MCAL/SPI/SPI_program.o
 .text.MSPIx_voidClockEnable
                0x0000000008009b68       0x44 ./Src/MCAL/SPI/SPI_program.o
 .text.MSPI_voidInit
                0x0000000008009bac       0x94 ./Src/MCAL/SPI/SPI_program.o
                0x0000000008009bac                MSPI_voidInit
 .text.MSPI_TransmitByte
                0x0000000008009c40       0xcc ./Src/MCAL/SPI/SPI_program.o
                0x0000000008009c40                MSPI_TransmitByte
 .text.MSPI_DMA_Transmit
                0x0000000008009d0c       0x64 ./Src/MCAL/SPI/SPI_program.o
                0x0000000008009d0c                MSPI_DMA_Transmit
 .text.SPI1_IRQHandler
                0x0000000008009d70        0xe ./Src/MCAL/SPI/SPI_program.o
                0x0000000008009d70                SPI1_IRQHandler
 .text.SPI2_IRQHandler
                0x0000000008009d7e        0xe ./Src/MCAL/SPI/SPI_program.o
                0x0000000008009d7e                SPI2_IRQHandler
 .text.SPI3_IRQHandler
                0x0000000008009d8c        0xe ./Src/MCAL/SPI/SPI_program.o
                0x0000000008009d8c                SPI3_IRQHandler
 *fill*         0x0000000008009d9a        0x2 
 .text.MSysTick_voidInit
                0x0000000008009d9c       0x38 ./Src/MCAL/SYSTICK/SYSTICK_program.o
                0x0000000008009d9c                MSysTick_voidInit
 .text.MSysTick_voidDeInit
                0x0000000008009dd4       0x38 ./Src/MCAL/SYSTICK/SYSTICK_program.o
                0x0000000008009dd4                MSysTick_voidDeInit
 .text.SysTick_Handler
                0x0000000008009e0c       0x2c ./Src/MCAL/SYSTICK/SYSTICK_program.o
                0x0000000008009e0c                SysTick_Handler
 .text.MSysTick_void_ASYNC_Delay_ms
                0x0000000008009e38       0x94 ./Src/MCAL/SYSTICK/SYSTICK_program.o
                0x0000000008009e38                MSysTick_void_ASYNC_Delay_ms
 .text.main     0x0000000008009ecc       0xa4 ./Src/main.o
                0x0000000008009ecc                main
 .text.SystemInit
                0x0000000008009f70       0x24 ./Startup/System_Init.o
                0x0000000008009f70                SystemInit
 .text.Reset_Handler
                0x0000000008009f94       0x50 ./Startup/startup_stm32f401ccux.o
                0x0000000008009f94                Reset_Handler
 .text.Default_Handler
                0x0000000008009fe4        0x2 ./Startup/startup_stm32f401ccux.o
                0x0000000008009fe4                DebugMon_Handler
                0x0000000008009fe4                SPI4_IRQHandler
                0x0000000008009fe4                TIM1_CC_IRQHandler
                0x0000000008009fe4                HardFault_Handler
                0x0000000008009fe4                SDIO_IRQHandler
                0x0000000008009fe4                TAMP_STAMP_IRQHandler
                0x0000000008009fe4                PendSV_Handler
                0x0000000008009fe4                NMI_Handler
                0x0000000008009fe4                TIM1_UP_TIM10_IRQHandler
                0x0000000008009fe4                I2C3_ER_IRQHandler
                0x0000000008009fe4                EXTI18_OTG_FS_WKUP_IRQHandler
                0x0000000008009fe4                I2C2_EV_IRQHandler
                0x0000000008009fe4                UsageFault_Handler
                0x0000000008009fe4                TIM1_BRK_TIM9_IRQHandler
                0x0000000008009fe4                USART6_IRQHandler
                0x0000000008009fe4                TIM4_IRQHandler
                0x0000000008009fe4                I2C1_EV_IRQHandler
                0x0000000008009fe4                TIM3_IRQHandler
                0x0000000008009fe4                RCC_IRQHandler
                0x0000000008009fe4                Default_Handler
                0x0000000008009fe4                ADC_IRQHandler
                0x0000000008009fe4                TIM5_IRQHandler
                0x0000000008009fe4                I2C3_EV_IRQHandler
                0x0000000008009fe4                MemManage_Handler
                0x0000000008009fe4                SVC_Handler
                0x0000000008009fe4                EXTI22_RTC_WKUP_IRQHandler
                0x0000000008009fe4                TIM2_IRQHandler
                0x0000000008009fe4                EXTI16_PVD_IRQHandler
                0x0000000008009fe4                TIM1_TRG_COM_TIM11_IRQHandler
                0x0000000008009fe4                EXTI17_RTC_Alarm_IRQHandler
                0x0000000008009fe4                USART2_IRQHandler
                0x0000000008009fe4                I2C2_ER_IRQHandler
                0x0000000008009fe4                FLASH_IRQHandler
                0x0000000008009fe4                BusFault_Handler
                0x0000000008009fe4                USART1_IRQHandler
                0x0000000008009fe4                OTG_FS_IRQHandler
                0x0000000008009fe4                I2C1_ER_IRQHandler
 *fill*         0x0000000008009fe6        0x2 
 .text.__libc_init_array
                0x0000000008009fe8       0x48 D:/Installed Programs/STM32CubeIDE_1.13.2/STM32CubeIDE/plugins/com.st.stm32cube.ide.mcu.externaltools.gnu-tools-for-stm32.11.3.rel1.win32_1.1.1.202309131626/tools/bin/../lib/gcc/arm-none-eabi/11.3.1/../../../../arm-none-eabi/lib/thumb/v7e-m+fp/hard\libc_nano.a(libc_a-init.o)
                0x0000000008009fe8                __libc_init_array
 *(.glue_7)
 .glue_7        0x000000000800a030        0x0 linker stubs
 *(.glue_7t)
 .glue_7t       0x000000000800a030        0x0 linker stubs
 *(.eh_frame)
 .eh_frame      0x000000000800a030        0x0 D:/Installed Programs/STM32CubeIDE_1.13.2/STM32CubeIDE/plugins/com.st.stm32cube.ide.mcu.externaltools.gnu-tools-for-stm32.11.3.rel1.win32_1.1.1.202309131626/tools/bin/../lib/gcc/arm-none-eabi/11.3.1/thumb/v7e-m+fp/hard/crtbegin.o
 *(.init)
 .init          0x000000000800a030        0x4 D:/Installed Programs/STM32CubeIDE_1.13.2/STM32CubeIDE/plugins/com.st.stm32cube.ide.mcu.externaltools.gnu-tools-for-stm32.11.3.rel1.win32_1.1.1.202309131626/tools/bin/../lib/gcc/arm-none-eabi/11.3.1/thumb/v7e-m+fp/hard/crti.o
                0x000000000800a030                _init
 .init          0x000000000800a034        0x8 D:/Installed Programs/STM32CubeIDE_1.13.2/STM32CubeIDE/plugins/com.st.stm32cube.ide.mcu.externaltools.gnu-tools-for-stm32.11.3.rel1.win32_1.1.1.202309131626/tools/bin/../lib/gcc/arm-none-eabi/11.3.1/thumb/v7e-m+fp/hard/crtn.o
 *(.fini)
 .fini          0x000000000800a03c        0x4 D:/Installed Programs/STM32CubeIDE_1.13.2/STM32CubeIDE/plugins/com.st.stm32cube.ide.mcu.externaltools.gnu-tools-for-stm32.11.3.rel1.win32_1.1.1.202309131626/tools/bin/../lib/gcc/arm-none-eabi/11.3.1/thumb/v7e-m+fp/hard/crti.o
                0x000000000800a03c                _fini
 .fini          0x000000000800a040        0x8 D:/Installed Programs/STM32CubeIDE_1.13.2/STM32CubeIDE/plugins/com.st.stm32cube.ide.mcu.externaltools.gnu-tools-for-stm32.11.3.rel1.win32_1.1.1.202309131626/tools/bin/../lib/gcc/arm-none-eabi/11.3.1/thumb/v7e-m+fp/hard/crtn.o
                0x000000000800a048                . = ALIGN (0x4)
                0x000000000800a048                _etext = .

.vfp11_veneer   0x000000000800a048        0x0
 .vfp11_veneer  0x000000000800a048        0x0 linker stubs

.v4_bx          0x000000000800a048        0x0
 .v4_bx         0x000000000800a048        0x0 linker stubs

.iplt           0x000000000800a048        0x0
 .iplt          0x000000000800a048        0x0 D:/Installed Programs/STM32CubeIDE_1.13.2/STM32CubeIDE/plugins/com.st.stm32cube.ide.mcu.externaltools.gnu-tools-for-stm32.11.3.rel1.win32_1.1.1.202309131626/tools/bin/../lib/gcc/arm-none-eabi/11.3.1/thumb/v7e-m+fp/hard/crtbegin.o

.rodata         0x000000000800a048      0xd80
                0x000000000800a048                . = ALIGN (0x4)
 *(.rodata)
 .rodata        0x000000000800a048       0x22 ./Src/main.o
 *(.rodata*)
 *fill*         0x000000000800a06a        0x2 
 .rodata.Font11x18
                0x000000000800a06c      0xd5c ./Src/HAL/TFT/TFT_Font.o
                0x000000000800a06c                Font11x18
                0x000000000800adc8                . = ALIGN (0x4)

.rel.dyn        0x000000000800adc8        0x0
 .rel.iplt      0x000000000800adc8        0x0 D:/Installed Programs/STM32CubeIDE_1.13.2/STM32CubeIDE/plugins/com.st.stm32cube.ide.mcu.externaltools.gnu-tools-for-stm32.11.3.rel1.win32_1.1.1.202309131626/tools/bin/../lib/gcc/arm-none-eabi/11.3.1/thumb/v7e-m+fp/hard/crtbegin.o

.ARM.extab      0x000000000800adc8        0x0
                0x000000000800adc8                . = ALIGN (0x4)
 *(.ARM.extab* .gnu.linkonce.armextab.*)
                0x000000000800adc8                . = ALIGN (0x4)

.ARM            0x000000000800adc8        0x0
                0x000000000800adc8                . = ALIGN (0x4)
                0x000000000800adc8                __exidx_start = .
 *(.ARM.exidx*)
                0x000000000800adc8                __exidx_end = .
                0x000000000800adc8                . = ALIGN (0x4)

.preinit_array  0x000000000800adc8        0x0
                0x000000000800adc8                . = ALIGN (0x4)
                0x000000000800adc8                PROVIDE (__preinit_array_start = .)
 *(.preinit_array*)
                0x000000000800adc8                PROVIDE (__preinit_array_end = .)
                0x000000000800adc8                . = ALIGN (0x4)

.init_array     0x000000000800adc8        0x4
                0x000000000800adc8                . = ALIGN (0x4)
                0x000000000800adc8                PROVIDE (__init_array_start = .)
 *(SORT_BY_NAME(.init_array.*))
 *(.init_array*)
 .init_array    0x000000000800adc8        0x4 D:/Installed Programs/STM32CubeIDE_1.13.2/STM32CubeIDE/plugins/com.st.stm32cube.ide.mcu.externaltools.gnu-tools-for-stm32.11.3.rel1.win32_1.1.1.202309131626/tools/bin/../lib/gcc/arm-none-eabi/11.3.1/thumb/v7e-m+fp/hard/crtbegin.o
                0x000000000800adcc                PROVIDE (__init_array_end = .)
                0x000000000800adcc                . = ALIGN (0x4)

.fini_array     0x000000000800adcc        0x4
                0x000000000800adcc                . = ALIGN (0x4)
                [!provide]                        PROVIDE (__fini_array_start = .)
 *(SORT_BY_NAME(.fini_array.*))
 *(.fini_array*)
 .fini_array    0x000000000800adcc        0x4 D:/Installed Programs/STM32CubeIDE_1.13.2/STM32CubeIDE/plugins/com.st.stm32cube.ide.mcu.externaltools.gnu-tools-for-stm32.11.3.rel1.win32_1.1.1.202309131626/tools/bin/../lib/gcc/arm-none-eabi/11.3.1/thumb/v7e-m+fp/hard/crtbegin.o
                [!provide]                        PROVIDE (__fini_array_end = .)
                0x000000000800add0                . = ALIGN (0x4)
                0x000000000800add0                _sidata = LOADADDR (.data)

.data           0x0000000020000000       0x6c load address 0x000000000800add0
                0x0000000020000000                . = ALIGN (0x4)
                0x0000000020000000                _sdata = .
 *(.data)
 *(.data*)
 .data.TFT_Config
                0x0000000020000000       0x60 ./Src/HAL/TFT/TFT_Lcfg.o
                0x0000000020000000                TFT_Config
 .data.SPIx     0x0000000020000060        0xc ./Src/MCAL/SPI/SPI_program.o
 *(.RamFunc)
 *(.RamFunc*)
                0x000000002000006c                . = ALIGN (0x4)
                0x000000002000006c                _edata = .

.igot.plt       0x000000002000006c        0x0 load address 0x000000000800ae3c
 .igot.plt      0x000000002000006c        0x0 D:/Installed Programs/STM32CubeIDE_1.13.2/STM32CubeIDE/plugins/com.st.stm32cube.ide.mcu.externaltools.gnu-tools-for-stm32.11.3.rel1.win32_1.1.1.202309131626/tools/bin/../lib/gcc/arm-none-eabi/11.3.1/thumb/v7e-m+fp/hard/crtbegin.o
                0x000000002000006c                . = ALIGN (0x4)

.bss            0x000000002000006c       0xa8 load address 0x000000000800ae3c
                0x000000002000006c                _sbss = .
                0x000000002000006c                __bss_start__ = _sbss
 *(.bss)
 .bss           0x000000002000006c       0x1c D:/Installed Programs/STM32CubeIDE_1.13.2/STM32CubeIDE/plugins/com.st.stm32cube.ide.mcu.externaltools.gnu-tools-for-stm32.11.3.rel1.win32_1.1.1.202309131626/tools/bin/../lib/gcc/arm-none-eabi/11.3.1/thumb/v7e-m+fp/hard/crtbegin.o
 *(.bss*)
 .bss.DMA1_TCx_Callback
                0x0000000020000088       0x20 ./Src/MCAL/DMA/DMA_program.o
 .bss.DMA2_TCx_Callback
                0x00000000200000a8       0x20 ./Src/MCAL/DMA/DMA_program.o
 .bss.EXTI_pNotificationFunction
                0x00000000200000c8       0x40 ./Src/MCAL/EXTI/EXTI_program.o
 .bss.SPI_Timeout_Flag
                0x0000000020000108        0x1 ./Src/MCAL/SPI/SPI_program.o
 *fill*         0x0000000020000109        0x3 
 .bss.SysTick_CallBack
                0x000000002000010c        0x4 ./Src/MCAL/SYSTICK/SYSTICK_program.o
                0x000000002000010c                SysTick_CallBack
 .bss.SysTick_Mode
                0x0000000020000110        0x1 ./Src/MCAL/SYSTICK/SYSTICK_program.o
                0x0000000020000110                SysTick_Mode
 *(COMMON)
                0x0000000020000114                . = ALIGN (0x4)
 *fill*         0x0000000020000111        0x3 
                0x0000000020000114                _ebss = .
                0x0000000020000114                __bss_end__ = _ebss

._user_heap_stack
                0x0000000020000114      0x604 load address 0x000000000800ae3c
                0x0000000020000118                . = ALIGN (0x8)
 *fill*         0x0000000020000114        0x4 
                [!provide]                        PROVIDE (end = .)
                0x0000000020000118                PROVIDE (_end = .)
                0x0000000020000318                . = (. + _Min_Heap_Size)
 *fill*         0x0000000020000118      0x200 
                0x0000000020000718                . = (. + _Min_Stack_Size)
 *fill*         0x0000000020000318      0x400 
                0x0000000020000718                . = ALIGN (0x8)

/DISCARD/
 libc.a(*)
 libm.a(*)
 libgcc.a(*)

.ARM.attributes
                0x0000000000000000       0x30
 *(.ARM.attributes)
 .ARM.attributes
                0x0000000000000000       0x1e D:/Installed Programs/STM32CubeIDE_1.13.2/STM32CubeIDE/plugins/com.st.stm32cube.ide.mcu.externaltools.gnu-tools-for-stm32.11.3.rel1.win32_1.1.1.202309131626/tools/bin/../lib/gcc/arm-none-eabi/11.3.1/thumb/v7e-m+fp/hard/crti.o
 .ARM.attributes
                0x000000000000001e       0x34 D:/Installed Programs/STM32CubeIDE_1.13.2/STM32CubeIDE/plugins/com.st.stm32cube.ide.mcu.externaltools.gnu-tools-for-stm32.11.3.rel1.win32_1.1.1.202309131626/tools/bin/../lib/gcc/arm-none-eabi/11.3.1/thumb/v7e-m+fp/hard/crtbegin.o
 .ARM.attributes
                0x0000000000000052       0x34 ./Src/HAL/TFT/TFT_Font.o
 .ARM.attributes
                0x0000000000000086       0x34 ./Src/HAL/TFT/TFT_Lcfg.o
 .ARM.attributes
                0x00000000000000ba       0x34 ./Src/HAL/TFT/TFT_program.o
 .ARM.attributes
                0x00000000000000ee       0x34 ./Src/MCAL/DMA/DMA_program.o
 .ARM.attributes
                0x0000000000000122       0x34 ./Src/MCAL/EXTI/EXTI_program.o
 .ARM.attributes
                0x0000000000000156       0x34 ./Src/MCAL/GPIO/GPIO_program.o
 .ARM.attributes
                0x000000000000018a       0x34 ./Src/MCAL/NVIC/NVIC_program.o
 .ARM.attributes
                0x00000000000001be       0x34 ./Src/MCAL/RCC/RCC_program.o
 .ARM.attributes
                0x00000000000001f2       0x34 ./Src/MCAL/SCB/SCB_program.o
 .ARM.attributes
                0x0000000000000226       0x34 ./Src/MCAL/SPI/SPI_program.o
 .ARM.attributes
                0x000000000000025a       0x34 ./Src/MCAL/SYSTICK/SYSTICK_program.o
 .ARM.attributes
                0x000000000000028e       0x34 ./Src/main.o
 .ARM.attributes
                0x00000000000002c2       0x34 ./Startup/System_Init.o
 .ARM.attributes
                0x00000000000002f6       0x21 ./Startup/startup_stm32f401ccux.o
 .ARM.attributes
                0x0000000000000317       0x34 D:/Installed Programs/STM32CubeIDE_1.13.2/STM32CubeIDE/plugins/com.st.stm32cube.ide.mcu.externaltools.gnu-tools-for-stm32.11.3.rel1.win32_1.1.1.202309131626/tools/bin/../lib/gcc/arm-none-eabi/11.3.1/../../../../arm-none-eabi/lib/thumb/v7e-m+fp/hard\libc_nano.a(libc_a-init.o)
 .ARM.attributes
                0x000000000000034b       0x1e D:/Installed Programs/STM32CubeIDE_1.13.2/STM32CubeIDE/plugins/com.st.stm32cube.ide.mcu.externaltools.gnu-tools-for-stm32.11.3.rel1.win32_1.1.1.202309131626/tools/bin/../lib/gcc/arm-none-eabi/11.3.1/thumb/v7e-m+fp/hard\libgcc.a(_arm_muldf3.o)
 .ARM.attributes
                0x0000000000000369       0x1e D:/Installed Programs/STM32CubeIDE_1.13.2/STM32CubeIDE/plugins/com.st.stm32cube.ide.mcu.externaltools.gnu-tools-for-stm32.11.3.rel1.win32_1.1.1.202309131626/tools/bin/../lib/gcc/arm-none-eabi/11.3.1/thumb/v7e-m+fp/hard\libgcc.a(_arm_addsubdf3.o)
 .ARM.attributes
                0x0000000000000387       0x1e D:/Installed Programs/STM32CubeIDE_1.13.2/STM32CubeIDE/plugins/com.st.stm32cube.ide.mcu.externaltools.gnu-tools-for-stm32.11.3.rel1.win32_1.1.1.202309131626/tools/bin/../lib/gcc/arm-none-eabi/11.3.1/thumb/v7e-m+fp/hard\libgcc.a(_arm_fixunsdfsi.o)
 .ARM.attributes
                0x00000000000003a5       0x1e D:/Installed Programs/STM32CubeIDE_1.13.2/STM32CubeIDE/plugins/com.st.stm32cube.ide.mcu.externaltools.gnu-tools-for-stm32.11.3.rel1.win32_1.1.1.202309131626/tools/bin/../lib/gcc/arm-none-eabi/11.3.1/thumb/v7e-m+fp/hard/crtn.o
OUTPUT(STM32F401CCU6_COTS.elf elf32-littlearm)
LOAD linker stubs
LOAD D:/Installed Programs/STM32CubeIDE_1.13.2/STM32CubeIDE/plugins/com.st.stm32cube.ide.mcu.externaltools.gnu-tools-for-stm32.11.3.rel1.win32_1.1.1.202309131626/tools/bin/../lib/gcc/arm-none-eabi/11.3.1/../../../../arm-none-eabi/lib/thumb/v7e-m+fp/hard\libc.a
LOAD D:/Installed Programs/STM32CubeIDE_1.13.2/STM32CubeIDE/plugins/com.st.stm32cube.ide.mcu.externaltools.gnu-tools-for-stm32.11.3.rel1.win32_1.1.1.202309131626/tools/bin/../lib/gcc/arm-none-eabi/11.3.1/../../../../arm-none-eabi/lib/thumb/v7e-m+fp/hard\libm.a
LOAD D:/Installed Programs/STM32CubeIDE_1.13.2/STM32CubeIDE/plugins/com.st.stm32cube.ide.mcu.externaltools.gnu-tools-for-stm32.11.3.rel1.win32_1.1.1.202309131626/tools/bin/../lib/gcc/arm-none-eabi/11.3.1/thumb/v7e-m+fp/hard\libgcc.a

.comment        0x0000000000000000       0x43
 .comment       0x0000000000000000       0x43 D:/Installed Programs/STM32CubeIDE_1.13.2/STM32CubeIDE/plugins/com.st.stm32cube.ide.mcu.externaltools.gnu-tools-for-stm32.11.3.rel1.win32_1.1.1.202309131626/tools/bin/../lib/gcc/arm-none-eabi/11.3.1/thumb/v7e-m+fp/hard/crtbegin.o
                                         0x44 (size before relaxing)
 .comment       0x0000000000000043       0x44 ./Src/HAL/TFT/TFT_Font.o
 .comment       0x0000000000000043       0x44 ./Src/HAL/TFT/TFT_Lcfg.o
 .comment       0x0000000000000043       0x44 ./Src/HAL/TFT/TFT_program.o
 .comment       0x0000000000000043       0x44 ./Src/MCAL/DMA/DMA_program.o
 .comment       0x0000000000000043       0x44 ./Src/MCAL/EXTI/EXTI_program.o
 .comment       0x0000000000000043       0x44 ./Src/MCAL/GPIO/GPIO_program.o
 .comment       0x0000000000000043       0x44 ./Src/MCAL/NVIC/NVIC_program.o
 .comment       0x0000000000000043       0x44 ./Src/MCAL/RCC/RCC_program.o
 .comment       0x0000000000000043       0x44 ./Src/MCAL/SCB/SCB_program.o
 .comment       0x0000000000000043       0x44 ./Src/MCAL/SPI/SPI_program.o
 .comment       0x0000000000000043       0x44 ./Src/MCAL/SYSTICK/SYSTICK_program.o
 .comment       0x0000000000000043       0x44 ./Src/main.o
 .comment       0x0000000000000043       0x44 ./Startup/System_Init.o

.debug_info     0x0000000000000000     0x3a71
 .debug_info    0x0000000000000000       0xb7 ./Src/HAL/TFT/TFT_Font.o
 .debug_info    0x00000000000000b7      0x3a0 ./Src/HAL/TFT/TFT_Lcfg.o
 .debug_info    0x0000000000000457      0xbcc ./Src/HAL/TFT/TFT_program.o
 .debug_info    0x0000000000001023      0x5aa ./Src/MCAL/DMA/DMA_program.o
 .debug_info    0x00000000000015cd      0x5a6 ./Src/MCAL/EXTI/EXTI_program.o
 .debug_info    0x0000000000001b73      0x54a ./Src/MCAL/GPIO/GPIO_program.o
 .debug_info    0x00000000000020bd      0x4e1 ./Src/MCAL/NVIC/NVIC_program.o
 .debug_info    0x000000000000259e      0x199 ./Src/MCAL/RCC/RCC_program.o
 .debug_info    0x0000000000002737      0x15f ./Src/MCAL/SCB/SCB_program.o
 .debug_info    0x0000000000002896      0x8fd ./Src/MCAL/SPI/SPI_program.o
 .debug_info    0x0000000000003193      0x315 ./Src/MCAL/SYSTICK/SYSTICK_program.o
 .debug_info    0x00000000000034a8      0x475 ./Src/main.o
 .debug_info    0x000000000000391d      0x131 ./Startup/System_Init.o
 .debug_info    0x0000000000003a4e       0x23 ./Startup/startup_stm32f401ccux.o

.debug_abbrev   0x0000000000000000     0x1056
 .debug_abbrev  0x0000000000000000       0x79 ./Src/HAL/TFT/TFT_Font.o
 .debug_abbrev  0x0000000000000079       0xe7 ./Src/HAL/TFT/TFT_Lcfg.o
 .debug_abbrev  0x0000000000000160      0x223 ./Src/HAL/TFT/TFT_program.o
 .debug_abbrev  0x0000000000000383      0x1ad ./Src/MCAL/DMA/DMA_program.o
 .debug_abbrev  0x0000000000000530      0x17f ./Src/MCAL/EXTI/EXTI_program.o
 .debug_abbrev  0x00000000000006af      0x141 ./Src/MCAL/GPIO/GPIO_program.o
 .debug_abbrev  0x00000000000007f0      0x16f ./Src/MCAL/NVIC/NVIC_program.o
 .debug_abbrev  0x000000000000095f       0x9d ./Src/MCAL/RCC/RCC_program.o
 .debug_abbrev  0x00000000000009fc       0xcf ./Src/MCAL/SCB/SCB_program.o
 .debug_abbrev  0x0000000000000acb      0x21d ./Src/MCAL/SPI/SPI_program.o
 .debug_abbrev  0x0000000000000ce8      0x15a ./Src/MCAL/SYSTICK/SYSTICK_program.o
 .debug_abbrev  0x0000000000000e42      0x14f ./Src/main.o
 .debug_abbrev  0x0000000000000f91       0xb3 ./Startup/System_Init.o
 .debug_abbrev  0x0000000000001044       0x12 ./Startup/startup_stm32f401ccux.o

.debug_aranges  0x0000000000000000      0x538
 .debug_aranges
                0x0000000000000000       0x18 ./Src/HAL/TFT/TFT_Font.o
 .debug_aranges
                0x0000000000000018       0x18 ./Src/HAL/TFT/TFT_Lcfg.o
 .debug_aranges
                0x0000000000000030       0xb0 ./Src/HAL/TFT/TFT_program.o
 .debug_aranges
                0x00000000000000e0       0xb8 ./Src/MCAL/DMA/DMA_program.o
 .debug_aranges
                0x0000000000000198       0x88 ./Src/MCAL/EXTI/EXTI_program.o
 .debug_aranges
                0x0000000000000220       0x90 ./Src/MCAL/GPIO/GPIO_program.o
 .debug_aranges
                0x00000000000002b0       0x68 ./Src/MCAL/NVIC/NVIC_program.o
 .debug_aranges
                0x0000000000000318       0x70 ./Src/MCAL/RCC/RCC_program.o
 .debug_aranges
                0x0000000000000388       0x28 ./Src/MCAL/SCB/SCB_program.o
 .debug_aranges
                0x00000000000003b0       0x98 ./Src/MCAL/SPI/SPI_program.o
 .debug_aranges
                0x0000000000000448       0x88 ./Src/MCAL/SYSTICK/SYSTICK_program.o
 .debug_aranges
                0x00000000000004d0       0x20 ./Src/main.o
 .debug_aranges
                0x00000000000004f0       0x20 ./Startup/System_Init.o
 .debug_aranges
                0x0000000000000510       0x28 ./Startup/startup_stm32f401ccux.o

.debug_macro    0x0000000000000000      0xe40
 .debug_macro   0x0000000000000000       0x29 ./Src/HAL/TFT/TFT_Font.o
 .debug_macro   0x0000000000000029       0x34 ./Src/HAL/TFT/TFT_Font.o
 .debug_macro   0x000000000000005d       0xd0 ./Src/HAL/TFT/TFT_Lcfg.o
 .debug_macro   0x000000000000012d       0x4c ./Src/HAL/TFT/TFT_Lcfg.o
 .debug_macro   0x0000000000000179       0xb2 ./Src/HAL/TFT/TFT_Lcfg.o
 .debug_macro   0x000000000000022b       0x7c ./Src/HAL/TFT/TFT_Lcfg.o
 .debug_macro   0x00000000000002a7       0x3a ./Src/HAL/TFT/TFT_Lcfg.o
 .debug_macro   0x00000000000002e1       0x40 ./Src/HAL/TFT/TFT_Lcfg.o
 .debug_macro   0x0000000000000321       0xcf ./Src/HAL/TFT/TFT_program.o
 .debug_macro   0x00000000000003f0       0x46 ./Src/HAL/TFT/TFT_program.o
 .debug_macro   0x0000000000000436       0x74 ./Src/MCAL/DMA/DMA_program.o
 .debug_macro   0x00000000000004aa       0x65 ./Src/MCAL/EXTI/EXTI_program.o
 .debug_macro   0x000000000000050f       0x28 ./Src/MCAL/EXTI/EXTI_program.o
 .debug_macro   0x0000000000000537       0x45 ./Src/MCAL/GPIO/GPIO_program.o
 .debug_macro   0x000000000000057c      0x12a ./Src/MCAL/GPIO/GPIO_program.o
 .debug_macro   0x00000000000006a6       0x45 ./Src/MCAL/NVIC/NVIC_program.o
 .debug_macro   0x00000000000006eb       0x28 ./Src/MCAL/NVIC/NVIC_program.o
 .debug_macro   0x0000000000000713       0x16 ./Src/MCAL/NVIC/NVIC_program.o
 .debug_macro   0x0000000000000729       0x44 ./Src/MCAL/RCC/RCC_program.o
 .debug_macro   0x000000000000076d       0x3a ./Src/MCAL/RCC/RCC_program.o
 .debug_macro   0x00000000000007a7      0x1f6 ./Src/MCAL/RCC/RCC_program.o
 .debug_macro   0x000000000000099d       0x44 ./Src/MCAL/SCB/SCB_program.o
 .debug_macro   0x00000000000009e1       0x28 ./Src/MCAL/SCB/SCB_program.o
 .debug_macro   0x0000000000000a09       0x10 ./Src/MCAL/SCB/SCB_program.o
 .debug_macro   0x0000000000000a19       0xe1 ./Src/MCAL/SPI/SPI_program.o
 .debug_macro   0x0000000000000afa       0x2e ./Src/MCAL/SPI/SPI_program.o
 .debug_macro   0x0000000000000b28       0xd6 ./Src/MCAL/SPI/SPI_program.o
 .debug_macro   0x0000000000000bfe       0x3f ./Src/MCAL/SYSTICK/SYSTICK_program.o
 .debug_macro   0x0000000000000c3d       0x22 ./Src/MCAL/SYSTICK/SYSTICK_program.o
 .debug_macro   0x0000000000000c5f       0x76 ./Src/MCAL/SYSTICK/SYSTICK_program.o
 .debug_macro   0x0000000000000cd5       0xde ./Src/main.o
 .debug_macro   0x0000000000000db3       0x5f ./Startup/System_Init.o
 .debug_macro   0x0000000000000e12       0x2e ./Startup/System_Init.o

.debug_line     0x0000000000000000     0x2c3e
 .debug_line    0x0000000000000000       0x71 ./Src/HAL/TFT/TFT_Font.o
 .debug_line    0x0000000000000071      0x1fa ./Src/HAL/TFT/TFT_Lcfg.o
 .debug_line    0x000000000000026b      0x77f ./Src/HAL/TFT/TFT_program.o
 .debug_line    0x00000000000009ea      0x510 ./Src/MCAL/DMA/DMA_program.o
 .debug_line    0x0000000000000efa      0x53f ./Src/MCAL/EXTI/EXTI_program.o
 .debug_line    0x0000000000001439      0x431 ./Src/MCAL/GPIO/GPIO_program.o
 .debug_line    0x000000000000186a      0x257 ./Src/MCAL/NVIC/NVIC_program.o
 .debug_line    0x0000000000001ac1      0x2a2 ./Src/MCAL/RCC/RCC_program.o
 .debug_line    0x0000000000001d63       0xf8 ./Src/MCAL/SCB/SCB_program.o
 .debug_line    0x0000000000001e5b      0x611 ./Src/MCAL/SPI/SPI_program.o
 .debug_line    0x000000000000246c      0x38e ./Src/MCAL/SYSTICK/SYSTICK_program.o
 .debug_line    0x00000000000027fa      0x243 ./Src/main.o
 .debug_line    0x0000000000002a3d      0x186 ./Startup/System_Init.o
 .debug_line    0x0000000000002bc3       0x7b ./Startup/startup_stm32f401ccux.o

.debug_str      0x0000000000000000     0x7bc5
 .debug_str     0x0000000000000000     0x2f20 ./Src/HAL/TFT/TFT_Font.o
                                       0x2f85 (size before relaxing)
 .debug_str     0x0000000000002f20     0x12c2 ./Src/HAL/TFT/TFT_Lcfg.o
                                       0x422c (size before relaxing)
 .debug_str     0x00000000000041e2      0x43e ./Src/HAL/TFT/TFT_program.o
                                       0x4673 (size before relaxing)
 .debug_str     0x0000000000004620      0x5f6 ./Src/MCAL/DMA/DMA_program.o
                                       0x3e0b (size before relaxing)
 .debug_str     0x0000000000004c16      0x4de ./Src/MCAL/EXTI/EXTI_program.o
                                       0x3b64 (size before relaxing)
 .debug_str     0x00000000000050f4      0xcd3 ./Src/MCAL/GPIO/GPIO_program.o
                                       0x403b (size before relaxing)
 .debug_str     0x0000000000005dc7      0x2cb ./Src/MCAL/NVIC/NVIC_program.o
                                       0x36ac (size before relaxing)
 .debug_str     0x0000000000006092      0xcfb ./Src/MCAL/RCC/RCC_program.o
                                       0x3fa1 (size before relaxing)
 .debug_str     0x0000000000006d8d      0x1b4 ./Src/MCAL/SCB/SCB_program.o
                                       0x327b (size before relaxing)
 .debug_str     0x0000000000006f41      0x6e0 ./Src/MCAL/SPI/SPI_program.o
                                       0x512d (size before relaxing)
 .debug_str     0x0000000000007621      0x52d ./Src/MCAL/SYSTICK/SYSTICK_program.o
                                       0x3572 (size before relaxing)
 .debug_str     0x0000000000007b4e       0x24 ./Src/main.o
                                       0x4282 (size before relaxing)
 .debug_str     0x0000000000007b72       0x24 ./Startup/System_Init.o
                                       0x3425 (size before relaxing)
 .debug_str     0x0000000000007b96       0x2f ./Startup/startup_stm32f401ccux.o
                                         0x78 (size before relaxing)

.debug_rnglists
                0x0000000000000000      0x3b1
 .debug_rnglists
                0x0000000000000000       0x88 ./Src/HAL/TFT/TFT_program.o
 .debug_rnglists
                0x0000000000000088       0x89 ./Src/MCAL/DMA/DMA_program.o
 .debug_rnglists
                0x0000000000000111       0x65 ./Src/MCAL/EXTI/EXTI_program.o
 .debug_rnglists
                0x0000000000000176       0x71 ./Src/MCAL/GPIO/GPIO_program.o
 .debug_rnglists
                0x00000000000001e7       0x49 ./Src/MCAL/NVIC/NVIC_program.o
 .debug_rnglists
                0x0000000000000230       0x52 ./Src/MCAL/RCC/RCC_program.o
 .debug_rnglists
                0x0000000000000282       0x19 ./Src/MCAL/SCB/SCB_program.o
 .debug_rnglists
                0x000000000000029b       0x73 ./Src/MCAL/SPI/SPI_program.o
 .debug_rnglists
                0x000000000000030e       0x63 ./Src/MCAL/SYSTICK/SYSTICK_program.o
 .debug_rnglists
                0x0000000000000371       0x14 ./Src/main.o
 .debug_rnglists
                0x0000000000000385       0x13 ./Startup/System_Init.o
 .debug_rnglists
                0x0000000000000398       0x19 ./Startup/startup_stm32f401ccux.o

.debug_frame    0x0000000000000000     0x12dc
 .debug_frame   0x0000000000000000      0x2d0 ./Src/HAL/TFT/TFT_program.o
 .debug_frame   0x00000000000002d0      0x268 ./Src/MCAL/DMA/DMA_program.o
 .debug_frame   0x0000000000000538      0x1e8 ./Src/MCAL/EXTI/EXTI_program.o
 .debug_frame   0x0000000000000720      0x268 ./Src/MCAL/GPIO/GPIO_program.o
 .debug_frame   0x0000000000000988      0x190 ./Src/MCAL/NVIC/NVIC_program.o
 .debug_frame   0x0000000000000b18      0x18c ./Src/MCAL/RCC/RCC_program.o
 .debug_frame   0x0000000000000ca4       0x60 ./Src/MCAL/SCB/SCB_program.o
 .debug_frame   0x0000000000000d04      0x240 ./Src/MCAL/SPI/SPI_program.o
 .debug_frame   0x0000000000000f44      0x210 ./Src/MCAL/SYSTICK/SYSTICK_program.o
 .debug_frame   0x0000000000001154       0x30 ./Src/main.o
 .debug_frame   0x0000000000001184       0x2c ./Startup/System_Init.o
 .debug_frame   0x00000000000011b0       0x2c D:/Installed Programs/STM32CubeIDE_1.13.2/STM32CubeIDE/plugins/com.st.stm32cube.ide.mcu.externaltools.gnu-tools-for-stm32.11.3.rel1.win32_1.1.1.202309131626/tools/bin/../lib/gcc/arm-none-eabi/11.3.1/../../../../arm-none-eabi/lib/thumb/v7e-m+fp/hard\libc_nano.a(libc_a-init.o)
 .debug_frame   0x00000000000011dc       0x30 D:/Installed Programs/STM32CubeIDE_1.13.2/STM32CubeIDE/plugins/com.st.stm32cube.ide.mcu.externaltools.gnu-tools-for-stm32.11.3.rel1.win32_1.1.1.202309131626/tools/bin/../lib/gcc/arm-none-eabi/11.3.1/thumb/v7e-m+fp/hard\libgcc.a(_arm_muldf3.o)
 .debug_frame   0x000000000000120c       0xac D:/Installed Programs/STM32CubeIDE_1.13.2/STM32CubeIDE/plugins/com.st.stm32cube.ide.mcu.externaltools.gnu-tools-for-stm32.11.3.rel1.win32_1.1.1.202309131626/tools/bin/../lib/gcc/arm-none-eabi/11.3.1/thumb/v7e-m+fp/hard\libgcc.a(_arm_addsubdf3.o)
 .debug_frame   0x00000000000012b8       0x24 D:/Installed Programs/STM32CubeIDE_1.13.2/STM32CubeIDE/plugins/com.st.stm32cube.ide.mcu.externaltools.gnu-tools-for-stm32.11.3.rel1.win32_1.1.1.202309131626/tools/bin/../lib/gcc/arm-none-eabi/11.3.1/thumb/v7e-m+fp/hard\libgcc.a(_arm_fixunsdfsi.o)

.debug_line_str
                0x0000000000000000       0x6c
 .debug_line_str
                0x0000000000000000       0x6c ./Startup/startup_stm32f401ccux.o
                                         0x84 (size before relaxing)
