../Src/MCAL/EXTI/EXTI_program.c:43:6:MEXTI_voidInit	16	static
../Src/MCAL/EXTI/EXTI_program.c:107:6:MEXTI_voidEnableInterrupt	0	static
../Src/MCAL/EXTI/EXTI_program.c:110:6:MEXTI_voidDisableInterrupt	0	static
../Src/MCAL/EXTI/EXTI_program.c:115:6:MEXTI_voidChangeSenseMode	0	static
../Src/MCAL/EXTI/EXTI_program.c:134:6:MEXTI_voidSetCallBack	0	static
../Src/MCAL/EXTI/EXTI_program.c:138:6:MEXTI_voidClearPendingFlag	0	static
../Src/MCAL/EXTI/EXTI_program.c:142:4:MEXTI_u8GetPendingFlag	0	static
../Src/MCAL/EXTI/EXTI_program.c:149:6:EXTI0_IRQHandler	8	static
../Src/MCAL/EXTI/EXTI_program.c:156:6:EXTI1_IRQHandler	8	static
../Src/MCAL/EXTI/EXTI_program.c:163:6:EXTI2_IRQHandler	8	static
../Src/MCAL/EXTI/EXTI_program.c:170:6:EXTI3_IRQHandler	8	static
../Src/MCAL/EXTI/EXTI_program.c:177:6:EXTI4_IRQHandler	8	static
../Src/MCAL/EXTI/EXTI_program.c:184:6:EXTI9_5_IRQHandler	8	static
../Src/MCAL/EXTI/EXTI_program.c:223:6:EXTI15_10_IRQHandler	8	static
