Archive member included to satisfy reference by file (symbol)

D:/Installed Programs/STM32CubeIDE_1.13.2/STM32CubeIDE/plugins/com.st.stm32cube.ide.mcu.externaltools.gnu-tools-for-stm32.11.3.rel1.win32_1.1.1.202309131626/tools/bin/../lib/gcc/arm-none-eabi/11.3.1/../../../../arm-none-eabi/lib/thumb/v7e-m+fp/hard\libc_nano.a(libc_a-exit.o)
                              D:/Installed Programs/STM32CubeIDE_1.13.2/STM32CubeIDE/plugins/com.st.stm32cube.ide.mcu.externaltools.gnu-tools-for-stm32.11.3.rel1.win32_1.1.1.202309131626/tools/bin/../lib/gcc/arm-none-eabi/11.3.1/../../../../arm-none-eabi/lib/thumb/v7e-m+fp/hard/crt0.o (exit)
D:/Installed Programs/STM32CubeIDE_1.13.2/STM32CubeIDE/plugins/com.st.stm32cube.ide.mcu.externaltools.gnu-tools-for-stm32.11.3.rel1.win32_1.1.1.202309131626/tools/bin/../lib/gcc/arm-none-eabi/11.3.1/../../../../arm-none-eabi/lib/thumb/v7e-m+fp/hard\libc_nano.a(libc_a-findfp.o)
                              D:/Installed Programs/STM32CubeIDE_1.13.2/STM32CubeIDE/plugins/com.st.stm32cube.ide.mcu.externaltools.gnu-tools-for-stm32.11.3.rel1.win32_1.1.1.202309131626/tools/bin/../lib/gcc/arm-none-eabi/11.3.1/../../../../arm-none-eabi/lib/thumb/v7e-m+fp/hard\libc_nano.a(libc_a-exit.o) (__stdio_exit_handler)
D:/Installed Programs/STM32CubeIDE_1.13.2/STM32CubeIDE/plugins/com.st.stm32cube.ide.mcu.externaltools.gnu-tools-for-stm32.11.3.rel1.win32_1.1.1.202309131626/tools/bin/../lib/gcc/arm-none-eabi/11.3.1/../../../../arm-none-eabi/lib/thumb/v7e-m+fp/hard\libc_nano.a(libc_a-fwalk.o)
                              D:/Installed Programs/STM32CubeIDE_1.13.2/STM32CubeIDE/plugins/com.st.stm32cube.ide.mcu.externaltools.gnu-tools-for-stm32.11.3.rel1.win32_1.1.1.202309131626/tools/bin/../lib/gcc/arm-none-eabi/11.3.1/../../../../arm-none-eabi/lib/thumb/v7e-m+fp/hard\libc_nano.a(libc_a-findfp.o) (_fwalk_sglue)
D:/Installed Programs/STM32CubeIDE_1.13.2/STM32CubeIDE/plugins/com.st.stm32cube.ide.mcu.externaltools.gnu-tools-for-stm32.11.3.rel1.win32_1.1.1.202309131626/tools/bin/../lib/gcc/arm-none-eabi/11.3.1/../../../../arm-none-eabi/lib/thumb/v7e-m+fp/hard\libc_nano.a(libc_a-stdio.o)
                              D:/Installed Programs/STM32CubeIDE_1.13.2/STM32CubeIDE/plugins/com.st.stm32cube.ide.mcu.externaltools.gnu-tools-for-stm32.11.3.rel1.win32_1.1.1.202309131626/tools/bin/../lib/gcc/arm-none-eabi/11.3.1/../../../../arm-none-eabi/lib/thumb/v7e-m+fp/hard\libc_nano.a(libc_a-findfp.o) (__sread)
D:/Installed Programs/STM32CubeIDE_1.13.2/STM32CubeIDE/plugins/com.st.stm32cube.ide.mcu.externaltools.gnu-tools-for-stm32.11.3.rel1.win32_1.1.1.202309131626/tools/bin/../lib/gcc/arm-none-eabi/11.3.1/../../../../arm-none-eabi/lib/thumb/v7e-m+fp/hard\libc_nano.a(libc_a-memset.o)
                              D:/Installed Programs/STM32CubeIDE_1.13.2/STM32CubeIDE/plugins/com.st.stm32cube.ide.mcu.externaltools.gnu-tools-for-stm32.11.3.rel1.win32_1.1.1.202309131626/tools/bin/../lib/gcc/arm-none-eabi/11.3.1/../../../../arm-none-eabi/lib/thumb/v7e-m+fp/hard/crt0.o (memset)
D:/Installed Programs/STM32CubeIDE_1.13.2/STM32CubeIDE/plugins/com.st.stm32cube.ide.mcu.externaltools.gnu-tools-for-stm32.11.3.rel1.win32_1.1.1.202309131626/tools/bin/../lib/gcc/arm-none-eabi/11.3.1/../../../../arm-none-eabi/lib/thumb/v7e-m+fp/hard\libc_nano.a(libc_a-closer.o)
                              D:/Installed Programs/STM32CubeIDE_1.13.2/STM32CubeIDE/plugins/com.st.stm32cube.ide.mcu.externaltools.gnu-tools-for-stm32.11.3.rel1.win32_1.1.1.202309131626/tools/bin/../lib/gcc/arm-none-eabi/11.3.1/../../../../arm-none-eabi/lib/thumb/v7e-m+fp/hard\libc_nano.a(libc_a-stdio.o) (_close_r)
D:/Installed Programs/STM32CubeIDE_1.13.2/STM32CubeIDE/plugins/com.st.stm32cube.ide.mcu.externaltools.gnu-tools-for-stm32.11.3.rel1.win32_1.1.1.202309131626/tools/bin/../lib/gcc/arm-none-eabi/11.3.1/../../../../arm-none-eabi/lib/thumb/v7e-m+fp/hard\libc_nano.a(libc_a-reent.o)
                              D:/Installed Programs/STM32CubeIDE_1.13.2/STM32CubeIDE/plugins/com.st.stm32cube.ide.mcu.externaltools.gnu-tools-for-stm32.11.3.rel1.win32_1.1.1.202309131626/tools/bin/../lib/gcc/arm-none-eabi/11.3.1/../../../../arm-none-eabi/lib/thumb/v7e-m+fp/hard\libc_nano.a(libc_a-closer.o) (errno)
D:/Installed Programs/STM32CubeIDE_1.13.2/STM32CubeIDE/plugins/com.st.stm32cube.ide.mcu.externaltools.gnu-tools-for-stm32.11.3.rel1.win32_1.1.1.202309131626/tools/bin/../lib/gcc/arm-none-eabi/11.3.1/../../../../arm-none-eabi/lib/thumb/v7e-m+fp/hard\libc_nano.a(libc_a-impure.o)
                              D:/Installed Programs/STM32CubeIDE_1.13.2/STM32CubeIDE/plugins/com.st.stm32cube.ide.mcu.externaltools.gnu-tools-for-stm32.11.3.rel1.win32_1.1.1.202309131626/tools/bin/../lib/gcc/arm-none-eabi/11.3.1/../../../../arm-none-eabi/lib/thumb/v7e-m+fp/hard\libc_nano.a(libc_a-reent.o) (_impure_ptr)
[...]
Memory Configuration

Name             Origin             Length             Attributes
RAM              0x0000000020000000 0x0000000000010000 xrw
FLASH            0x0000000008000000 0x0000000000040000 xr
*default*        0x0000000000000000 0xffffffffffffffff

Linker script and memory map

LOAD D:/Installed Programs/STM32CubeIDE_1.13.2/STM32CubeIDE/plugins/com.st.stm32cube.ide.mcu.externaltools.gnu-tools-for-stm32.11.3.rel1.win32_1.1.1.202309131626/tools/bin/../lib/gcc/arm-none-eabi/11.3.1/thumb/v7e-m+fp/hard/crti.o
LOAD D:/Installed Programs/STM32CubeIDE_1.13.2/STM32CubeIDE/plugins/com.st.stm32cube.ide.mcu.externaltools.gnu-tools-for-stm32.11.3.rel1.win32_1.1.1.202309131626/tools/bin/../lib/gcc/arm-none-eabi/11.3.1/thumb/v7e-m+fp/hard/crtbegin.o
LOAD D:/Installed Programs/STM32CubeIDE_1.13.2/STM32CubeIDE/plugins/com.st.stm32cube.ide.mcu.externaltools.gnu-tools-for-stm32.11.3.rel1.win32_1.1.1.202309131626/tools/bin/../lib/gcc/arm-none-eabi/11.3.1/../../../../arm-none-eabi/lib/thumb/v7e-m+fp/hard/crt0.o
LOAD ./Src/HAL/BUTTON/BUTTON_Lcfg.o
LOAD ./Src/HAL/BUTTON/BUTTON_program.o
LOAD ./Src/HAL/IR_Receiver/IR_Lcfg.o
LOAD ./Src/HAL/IR_Receiver/IR_program.o
LOAD ./Src/HAL/LED/LED_LCFG.o
LOAD ./Src/HAL/LED/LED_program.o
LOAD ./Src/HAL/LEDMAT/LEDMAT_LCFG.o
LOAD ./Src/HAL/LEDMAT/LEDMAT_font.o
LOAD ./Src/HAL/LEDMAT/LEDMAT_program.o
LOAD ./Src/HAL/R2R_DAC/R2RDAC_Lcfg.o
LOAD ./Src/HAL/R2R_DAC/R2RDAC_program.o
LOAD ./Src/HAL/RGB_LED/RGB_Lcfg.o
LOAD ./Src/HAL/RGB_LED/RGB_program.o
LOAD ./Src/MCAL/EXTI/EXTI_Lcfg.o
LOAD ./Src/MCAL/EXTI/EXTI_program.o
LOAD ./Src/MCAL/GPIO/GPIO_program.o
LOAD ./Src/MCAL/NVIC/NVIC_program.o
LOAD ./Src/MCAL/RCC/RCC_program.o
LOAD ./Src/MCAL/SCB/SCB_program.o
LOAD ./Src/MCAL/SPI/SPI_program.o
LOAD ./Src/MCAL/SYSTICK/SYSTICK_program.o
LOAD ./Src/main.o
LOAD ./Src/syscalls.o
LOAD ./Src/sysmem.o
LOAD ./Startup/System_Init.o
LOAD ./Startup/startup_stm32f401ccux.o
START GROUP
LOAD D:/Installed Programs/STM32CubeIDE_1.13.2/STM32CubeIDE/plugins/com.st.stm32cube.ide.mcu.externaltools.gnu-tools-for-stm32.11.3.rel1.win32_1.1.1.202309131626/tools/bin/../lib/gcc/arm-none-eabi/11.3.1/../../../../arm-none-eabi/lib/thumb/v7e-m+fp/hard\libc_nano.a
LOAD D:/Installed Programs/STM32CubeIDE_1.13.2/STM32CubeIDE/plugins/com.st.stm32cube.ide.mcu.externaltools.gnu-tools-for-stm32.11.3.rel1.win32_1.1.1.202309131626/tools/bin/../lib/gcc/arm-none-eabi/11.3.1/../../../../arm-none-eabi/lib/thumb/v7e-m+fp/hard\libm.a
END GROUP
START GROUP
LOAD D:/Installed Programs/STM32CubeIDE_1.13.2/STM32CubeIDE/plugins/com.st.stm32cube.ide.mcu.externaltools.gnu-tools-for-stm32.11.3.rel1.win32_1.1.1.202309131626/tools/bin/../lib/gcc/arm-none-eabi/11.3.1/thumb/v7e-m+fp/hard\libgcc.a
LOAD D:/Installed Programs/STM32CubeIDE_1.13.2/STM32CubeIDE/plugins/com.st.stm32cube.ide.mcu.externaltools.gnu-tools-for-stm32.11.3.rel1.win32_1.1.1.202309131626/tools/bin/../lib/gcc/arm-none-eabi/11.3.1/../../../../arm-none-eabi/lib/thumb/v7e-m+fp/hard\libc_nano.a
END GROUP
START GROUP
LOAD D:/Installed Programs/STM32CubeIDE_1.13.2/STM32CubeIDE/plugins/com.st.stm32cube.ide.mcu.externaltools.gnu-tools-for-stm32.11.3.rel1.win32_1.1.1.202309131626/tools/bin/../lib/gcc/arm-none-eabi/11.3.1/thumb/v7e-m+fp/hard\libgcc.a
LOAD D:/Installed Programs/STM32CubeIDE_1.13.2/STM32CubeIDE/plugins/com.st.stm32cube.ide.mcu.externaltools.gnu-tools-for-stm32.11.3.rel1.win32_1.1.1.202309131626/tools/bin/../lib/gcc/arm-none-eabi/11.3.1/../../../../arm-none-eabi/lib/thumb/v7e-m+fp/hard\libc_nano.a
LOAD D:/Installed Programs/STM32CubeIDE_1.13.2/STM32CubeIDE/plugins/com.st.stm32cube.ide.mcu.externaltools.gnu-tools-for-stm32.11.3.rel1.win32_1.1.1.202309131626/tools/bin/../lib/gcc/arm-none-eabi/11.3.1/../../../../arm-none-eabi/lib/thumb/v7e-m+fp/hard\libnosys.a
END GROUP
START GROUP
LOAD D:/Installed Programs/STM32CubeIDE_1.13.2/STM32CubeIDE/plugins/com.st.stm32cube.ide.mcu.externaltools.gnu-tools-for-stm32.11.3.rel1.win32_1.1.1.202309131626/tools/bin/../lib/gcc/arm-none-eabi/11.3.1/thumb/v7e-m+fp/hard\libgcc.a
LOAD D:/Installed Programs/STM32CubeIDE_1.13.2/STM32CubeIDE/plugins/com.st.stm32cube.ide.mcu.externaltools.gnu-tools-for-stm32.11.3.rel1.win32_1.1.1.202309131626/tools/bin/../lib/gcc/arm-none-eabi/11.3.1/../../../../arm-none-eabi/lib/thumb/v7e-m+fp/hard\libc_nano.a
LOAD D:/Installed Programs/STM32CubeIDE_1.13.2/STM32CubeIDE/plugins/com.st.stm32cube.ide.mcu.externaltools.gnu-tools-for-stm32.11.3.rel1.win32_1.1.1.202309131626/tools/bin/../lib/gcc/arm-none-eabi/11.3.1/../../../../arm-none-eabi/lib/thumb/v7e-m+fp/hard\libnosys.a
END GROUP
LOAD D:/Installed Programs/STM32CubeIDE_1.13.2/STM32CubeIDE/plugins/com.st.stm32cube.ide.mcu.externaltools.gnu-tools-for-stm32.11.3.rel1.win32_1.1.1.202309131626/tools/bin/../lib/gcc/arm-none-eabi/11.3.1/thumb/v7e-m+fp/hard/crtend.o
LOAD D:/Installed Programs/STM32CubeIDE_1.13.2/STM32CubeIDE/plugins/com.st.stm32cube.ide.mcu.externaltools.gnu-tools-for-stm32.11.3.rel1.win32_1.1.1.202309131626/tools/bin/../lib/gcc/arm-none-eabi/11.3.1/thumb/v7e-m+fp/hard/crtn.o
                0x0000000020010000                _estack = (ORIGIN (RAM) + LENGTH (RAM))
                0x0000000000000200                _Min_Heap_Size = 0x200
                0x0000000000000400                _Min_Stack_Size = 0x400

.isr_vector     0x0000000008000000      0x194
                0x0000000008000000                . = ALIGN (0x4)
 *(.isr_vector)
 .isr_vector    0x0000000008000000      0x194 ./Startup/startup_stm32f401ccux.o
                0x0000000008000000                g_pfnVectors
                0x0000000008000194                . = ALIGN (0x4)

.text           0x0000000008000194      0x5e4
                0x0000000008000194                . = ALIGN (0x4)
 *(.text)
 .text          0x0000000008000194       0x40 D:/Installed Programs/STM32CubeIDE_1.13.2/STM32CubeIDE/plugins/com.st.stm32cube.ide.mcu.externaltools.gnu-tools-for-stm32.11.3.rel1.win32_1.1.1.202309131626/tools/bin/../lib/gcc/arm-none-eabi/11.3.1/thumb/v7e-m+fp/hard/crtbegin.o
 *(.text*)
 .text.LED_voidInit
                0x00000000080001d4       0x42 ./Src/HAL/LED/LED_program.o
                0x00000000080001d4                LED_voidInit
 .text.LED_voidOn
                0x0000000008000216       0x14 ./Src/HAL/LED/LED_program.o
                0x0000000008000216                LED_voidOn
 .text.LED_voidOff
                0x000000000800022a       0x14 ./Src/HAL/LED/LED_program.o
                0x000000000800022a                LED_voidOff
 .text.LED_voidToggle
                0x000000000800023e       0x12 ./Src/HAL/LED/LED_program.o
                0x000000000800023e                LED_voidToggle
 .text.MEXTI_voidClearPendingFlag
                0x0000000008000250       0x14 ./Src/MCAL/EXTI/EXTI_program.o
                0x0000000008000250                MEXTI_voidClearPendingFlag
 .text.EXTI0_IRQHandler
                0x0000000008000264       0x18 ./Src/MCAL/EXTI/EXTI_program.o
                0x0000000008000264                EXTI0_IRQHandler
 .text.EXTI1_IRQHandler
                0x000000000800027c       0x18 ./Src/MCAL/EXTI/EXTI_program.o
                0x000000000800027c                EXTI1_IRQHandler
 .text.EXTI2_IRQHandler
                0x0000000008000294       0x18 ./Src/MCAL/EXTI/EXTI_program.o
                0x0000000008000294                EXTI2_IRQHandler
 .text.EXTI3_IRQHandler
                0x00000000080002ac       0x18 ./Src/MCAL/EXTI/EXTI_program.o
                0x00000000080002ac                EXTI3_IRQHandler
 .text.EXTI4_IRQHandler
                0x00000000080002c4       0x18 ./Src/MCAL/EXTI/EXTI_program.o
                0x00000000080002c4                EXTI4_IRQHandler
 .text.EXTI9_5_IRQHandler
                0x00000000080002dc       0x70 ./Src/MCAL/EXTI/EXTI_program.o
                0x00000000080002dc                EXTI9_5_IRQHandler
 .text.EXTI15_10_IRQHandler
                0x000000000800034c       0x80 ./Src/MCAL/EXTI/EXTI_program.o
                0x000000000800034c                EXTI15_10_IRQHandler
 .text.GPIO_voidSetPinMode
                0x00000000080003cc       0x5c ./Src/MCAL/GPIO/GPIO_program.o
                0x00000000080003cc                GPIO_voidSetPinMode
 .text.GPIO_voidSetPinOutputMode
                0x0000000008000428       0x4c ./Src/MCAL/GPIO/GPIO_program.o
                0x0000000008000428                GPIO_voidSetPinOutputMode
 .text.GPIO_voidSetPinOutputSpeed
                0x0000000008000474       0x5c ./Src/MCAL/GPIO/GPIO_program.o
                0x0000000008000474                GPIO_voidSetPinOutputSpeed
 .text.GPIO_voidSetPinValue
                0x00000000080004d0       0x6c ./Src/MCAL/GPIO/GPIO_program.o
                0x00000000080004d0                GPIO_voidSetPinValue
 .text.MNVIC_voidInit
                0x000000000800053c        0x4 ./Src/MCAL/NVIC/NVIC_program.o
                0x000000000800053c                MNVIC_voidInit
 .text.RCC_voidInit
                0x0000000008000540       0x8c ./Src/MCAL/RCC/RCC_program.o
                0x0000000008000540                RCC_voidInit
 .text.RCC_voidEnablePeripheralClock
                0x00000000080005cc       0x48 ./Src/MCAL/RCC/RCC_program.o
                0x00000000080005cc                RCC_voidEnablePeripheralClock
 .text.MSCB_voidSetPriorityGrouping
                0x0000000008000614       0x1c ./Src/MCAL/SCB/SCB_program.o
                0x0000000008000614                MSCB_voidSetPriorityGrouping
 .text.MSysTick_voidInit
                0x0000000008000630       0x1e ./Src/MCAL/SYSTICK/SYSTICK_program.o
                0x0000000008000630                MSysTick_voidInit
 .text.MSysTick_voidDeInit
                0x000000000800064e       0x1c ./Src/MCAL/SYSTICK/SYSTICK_program.o
                0x000000000800064e                MSysTick_voidDeInit
 *fill*         0x000000000800066a        0x2 
 .text.SysTick_Handler
                0x000000000800066c       0x24 ./Src/MCAL/SYSTICK/SYSTICK_program.o
                0x000000000800066c                SysTick_Handler
 .text.startup.main
                0x0000000008000690       0x20 ./Src/main.o
                0x0000000008000690                main
 .text.SystemInit
                0x00000000080006b0       0x12 ./Startup/System_Init.o
                0x00000000080006b0                SystemInit
 *fill*         0x00000000080006c2        0x2 
 .text.Reset_Handler
                0x00000000080006c4       0x50 ./Startup/startup_stm32f401ccux.o
                0x00000000080006c4                Reset_Handler
 .text.Default_Handler
                0x0000000008000714        0x2 ./Startup/startup_stm32f401ccux.o
                0x0000000008000714                DebugMon_Handler
                0x0000000008000714                SPI4_IRQHandler
                0x0000000008000714                TIM1_CC_IRQHandler
                0x0000000008000714                DMA2_Stream5_IRQHandler
                0x0000000008000714                HardFault_Handler
                0x0000000008000714                DMA1_Stream5_IRQHandler
                0x0000000008000714                SDIO_IRQHandler
                0x0000000008000714                TAMP_STAMP_IRQHandler
                0x0000000008000714                PendSV_Handler
                0x0000000008000714                NMI_Handler
                0x0000000008000714                TIM1_UP_TIM10_IRQHandler
                0x0000000008000714                I2C3_ER_IRQHandler
                0x0000000008000714                EXTI18_OTG_FS_WKUP_IRQHandler
                0x0000000008000714                I2C2_EV_IRQHandler
                0x0000000008000714                DMA1_Stream2_IRQHandler
                0x0000000008000714                UsageFault_Handler
                0x0000000008000714                DMA2_Stream2_IRQHandler
                0x0000000008000714                SPI1_IRQHandler
                0x0000000008000714                TIM1_BRK_TIM9_IRQHandler
                0x0000000008000714                DMA2_Stream3_IRQHandler
                0x0000000008000714                USART6_IRQHandler
                0x0000000008000714                DMA2_Stream0_IRQHandler
                0x0000000008000714                TIM4_IRQHandler
                0x0000000008000714                I2C1_EV_IRQHandler
                0x0000000008000714                DMA1_Stream6_IRQHandler
                0x0000000008000714                DMA1_Stream1_IRQHandler
                0x0000000008000714                TIM3_IRQHandler
                0x0000000008000714                RCC_IRQHandler
                0x0000000008000714                Default_Handler
                0x0000000008000714                ADC_IRQHandler
                0x0000000008000714                DMA1_Stream7_IRQHandler
                0x0000000008000714                TIM5_IRQHandler
                0x0000000008000714                DMA2_Stream7_IRQHandler
                0x0000000008000714                I2C3_EV_IRQHandler
                0x0000000008000714                SPI2_IRQHandler
                0x0000000008000714                MemManage_Handler
                0x0000000008000714                DMA1_Stream0_IRQHandler
                0x0000000008000714                SVC_Handler
                0x0000000008000714                EXTI22_RTC_WKUP_IRQHandler
                0x0000000008000714                TIM2_IRQHandler
                0x0000000008000714                EXTI16_PVD_IRQHandler
                0x0000000008000714                TIM1_TRG_COM_TIM11_IRQHandler
                0x0000000008000714                EXTI17_RTC_Alarm_IRQHandler
                0x0000000008000714                USART2_IRQHandler
                0x0000000008000714                I2C2_ER_IRQHandler
                0x0000000008000714                DMA2_Stream1_IRQHandler
                0x0000000008000714                FLASH_IRQHandler
                0x0000000008000714                DMA2_Stream4_IRQHandler
                0x0000000008000714                BusFault_Handler
                0x0000000008000714                USART1_IRQHandler
                0x0000000008000714                OTG_FS_IRQHandler
                0x0000000008000714                SPI3_IRQHandler
                0x0000000008000714                DMA1_Stream4_IRQHandler
                0x0000000008000714                I2C1_ER_IRQHandler
                0x0000000008000714                DMA2_Stream6_IRQHandler
                0x0000000008000714                DMA1_Stream3_IRQHandler
 *fill*         0x0000000008000716        0x2 
 .text.__libc_init_array
                0x0000000008000718       0x48 D:/Installed Programs/STM32CubeIDE_1.13.2/STM32CubeIDE/plugins/com.st.stm32cube.ide.mcu.externaltools.gnu-tools-for-stm32.11.3.rel1.win32_1.1.1.202309131626/tools/bin/../lib/gcc/arm-none-eabi/11.3.1/../../../../arm-none-eabi/lib/thumb/v7e-m+fp/hard\libc_nano.a(libc_a-init.o)
                0x0000000008000718                __libc_init_array
 *(.glue_7)
 .glue_7        0x0000000008000760        0x0 linker stubs
 *(.glue_7t)
 .glue_7t       0x0000000008000760        0x0 linker stubs
 *(.eh_frame)
 .eh_frame      0x0000000008000760        0x0 D:/Installed Programs/STM32CubeIDE_1.13.2/STM32CubeIDE/plugins/com.st.stm32cube.ide.mcu.externaltools.gnu-tools-for-stm32.11.3.rel1.win32_1.1.1.202309131626/tools/bin/../lib/gcc/arm-none-eabi/11.3.1/thumb/v7e-m+fp/hard/crtbegin.o
 *(.init)
 .init          0x0000000008000760        0x4 D:/Installed Programs/STM32CubeIDE_1.13.2/STM32CubeIDE/plugins/com.st.stm32cube.ide.mcu.externaltools.gnu-tools-for-stm32.11.3.rel1.win32_1.1.1.202309131626/tools/bin/../lib/gcc/arm-none-eabi/11.3.1/thumb/v7e-m+fp/hard/crti.o
                0x0000000008000760                _init
 .init          0x0000000008000764        0x8 D:/Installed Programs/STM32CubeIDE_1.13.2/STM32CubeIDE/plugins/com.st.stm32cube.ide.mcu.externaltools.gnu-tools-for-stm32.11.3.rel1.win32_1.1.1.202309131626/tools/bin/../lib/gcc/arm-none-eabi/11.3.1/thumb/v7e-m+fp/hard/crtn.o
 *(.fini)
 .fini          0x000000000800076c        0x4 D:/Installed Programs/STM32CubeIDE_1.13.2/STM32CubeIDE/plugins/com.st.stm32cube.ide.mcu.externaltools.gnu-tools-for-stm32.11.3.rel1.win32_1.1.1.202309131626/tools/bin/../lib/gcc/arm-none-eabi/11.3.1/thumb/v7e-m+fp/hard/crti.o
                0x000000000800076c                _fini
 .fini          0x0000000008000770        0x8 D:/Installed Programs/STM32CubeIDE_1.13.2/STM32CubeIDE/plugins/com.st.stm32cube.ide.mcu.externaltools.gnu-tools-for-stm32.11.3.rel1.win32_1.1.1.202309131626/tools/bin/../lib/gcc/arm-none-eabi/11.3.1/thumb/v7e-m+fp/hard/crtn.o
                0x0000000008000778                . = ALIGN (0x4)
                0x0000000008000778                _etext = .

.vfp11_veneer   0x0000000008000778        0x0
 .vfp11_veneer  0x0000000008000778        0x0 linker stubs

.v4_bx          0x0000000008000778        0x0
 .v4_bx         0x0000000008000778        0x0 linker stubs

.iplt           0x0000000008000778        0x0
 .iplt          0x0000000008000778        0x0 D:/Installed Programs/STM32CubeIDE_1.13.2/STM32CubeIDE/plugins/com.st.stm32cube.ide.mcu.externaltools.gnu-tools-for-stm32.11.3.rel1.win32_1.1.1.202309131626/tools/bin/../lib/gcc/arm-none-eabi/11.3.1/thumb/v7e-m+fp/hard/crtbegin.o

.rel.dyn        0x0000000008000778        0x0
 .rel.iplt      0x0000000008000778        0x0 D:/Installed Programs/STM32CubeIDE_1.13.2/STM32CubeIDE/plugins/com.st.stm32cube.ide.mcu.externaltools.gnu-tools-for-stm32.11.3.rel1.win32_1.1.1.202309131626/tools/bin/../lib/gcc/arm-none-eabi/11.3.1/thumb/v7e-m+fp/hard/crtbegin.o

.rodata         0x0000000008000778        0x0
                0x0000000008000778                . = ALIGN (0x4)
 *(.rodata)
 *(.rodata*)
                0x0000000008000778                . = ALIGN (0x4)

.ARM.extab      0x0000000008000778        0x0
                0x0000000008000778                . = ALIGN (0x4)
 *(.ARM.extab* .gnu.linkonce.armextab.*)
                0x0000000008000778                . = ALIGN (0x4)

.ARM            0x0000000008000778        0x0
                0x0000000008000778                . = ALIGN (0x4)
                0x0000000008000778                __exidx_start = .
 *(.ARM.exidx*)
                0x0000000008000778                __exidx_end = .
                0x0000000008000778                . = ALIGN (0x4)

.preinit_array  0x0000000008000778        0x0
                0x0000000008000778                . = ALIGN (0x4)
                0x0000000008000778                PROVIDE (__preinit_array_start = .)
 *(.preinit_array*)
                0x0000000008000778                PROVIDE (__preinit_array_end = .)
                0x0000000008000778                . = ALIGN (0x4)

.init_array     0x0000000008000778        0x4
                0x0000000008000778                . = ALIGN (0x4)
                0x0000000008000778                PROVIDE (__init_array_start = .)
 *(SORT_BY_NAME(.init_array.*))
 *(.init_array*)
 .init_array    0x0000000008000778        0x4 D:/Installed Programs/STM32CubeIDE_1.13.2/STM32CubeIDE/plugins/com.st.stm32cube.ide.mcu.externaltools.gnu-tools-for-stm32.11.3.rel1.win32_1.1.1.202309131626/tools/bin/../lib/gcc/arm-none-eabi/11.3.1/thumb/v7e-m+fp/hard/crtbegin.o
                0x000000000800077c                PROVIDE (__init_array_end = .)
                0x000000000800077c                . = ALIGN (0x4)

.fini_array     0x000000000800077c        0x4
                0x000000000800077c                . = ALIGN (0x4)
                [!provide]                        PROVIDE (__fini_array_start = .)
 *(SORT_BY_NAME(.fini_array.*))
 *(.fini_array*)
 .fini_array    0x000000000800077c        0x4 D:/Installed Programs/STM32CubeIDE_1.13.2/STM32CubeIDE/plugins/com.st.stm32cube.ide.mcu.externaltools.gnu-tools-for-stm32.11.3.rel1.win32_1.1.1.202309131626/tools/bin/../lib/gcc/arm-none-eabi/11.3.1/thumb/v7e-m+fp/hard/crtbegin.o
                [!provide]                        PROVIDE (__fini_array_end = .)
                0x0000000008000780                . = ALIGN (0x4)
                0x0000000008000780                _sidata = LOADADDR (.data)

.data           0x0000000020000000        0x4 load address 0x0000000008000780
                0x0000000020000000                . = ALIGN (0x4)
                0x0000000020000000                _sdata = .
 *(.data)
 *(.data*)
 .data.led_red1
                0x0000000020000000        0x3 ./Src/HAL/LED/LED_LCFG.o
                0x0000000020000000                led_red1
 *(.RamFunc)
 *(.RamFunc*)
                0x0000000020000004                . = ALIGN (0x4)
 *fill*         0x0000000020000003        0x1 
                0x0000000020000004                _edata = .

.igot.plt       0x0000000020000004        0x0 load address 0x0000000008000784
 .igot.plt      0x0000000020000004        0x0 D:/Installed Programs/STM32CubeIDE_1.13.2/STM32CubeIDE/plugins/com.st.stm32cube.ide.mcu.externaltools.gnu-tools-for-stm32.11.3.rel1.win32_1.1.1.202309131626/tools/bin/../lib/gcc/arm-none-eabi/11.3.1/thumb/v7e-m+fp/hard/crtbegin.o
                0x0000000020000004                . = ALIGN (0x4)

.bss            0x0000000020000004       0x64 load address 0x0000000008000784
                0x0000000020000004                _sbss = .
                0x0000000020000004                __bss_start__ = _sbss
 *(.bss)
 .bss           0x0000000020000004       0x1c D:/Installed Programs/STM32CubeIDE_1.13.2/STM32CubeIDE/plugins/com.st.stm32cube.ide.mcu.externaltools.gnu-tools-for-stm32.11.3.rel1.win32_1.1.1.202309131626/tools/bin/../lib/gcc/arm-none-eabi/11.3.1/thumb/v7e-m+fp/hard/crtbegin.o
 *(.bss*)
 .bss.EXTI_pNotificationFunction
                0x0000000020000020       0x40 ./Src/MCAL/EXTI/EXTI_program.o
 .bss.SysTick_CallBack
                0x0000000020000060        0x4 ./Src/MCAL/SYSTICK/SYSTICK_program.o
                0x0000000020000060                SysTick_CallBack
 .bss.SysTick_Mode
                0x0000000020000064        0x1 ./Src/MCAL/SYSTICK/SYSTICK_program.o
                0x0000000020000064                SysTick_Mode
 *(COMMON)
                0x0000000020000068                . = ALIGN (0x4)
 *fill*         0x0000000020000065        0x3 
                0x0000000020000068                _ebss = .
                0x0000000020000068                __bss_end__ = _ebss

._user_heap_stack
                0x0000000020000068      0x600 load address 0x0000000008000784
                0x0000000020000068                . = ALIGN (0x8)
                [!provide]                        PROVIDE (end = .)
                0x0000000020000068                PROVIDE (_end = .)
                0x0000000020000268                . = (. + _Min_Heap_Size)
 *fill*         0x0000000020000068      0x200 
                0x0000000020000668                . = (. + _Min_Stack_Size)
 *fill*         0x0000000020000268      0x400 
                0x0000000020000668                . = ALIGN (0x8)

/DISCARD/
 libc.a(*)
 libm.a(*)
 libgcc.a(*)

.ARM.attributes
                0x0000000000000000       0x30
 *(.ARM.attributes)
 .ARM.attributes
                0x0000000000000000       0x1e D:/Installed Programs/STM32CubeIDE_1.13.2/STM32CubeIDE/plugins/com.st.stm32cube.ide.mcu.externaltools.gnu-tools-for-stm32.11.3.rel1.win32_1.1.1.202309131626/tools/bin/../lib/gcc/arm-none-eabi/11.3.1/thumb/v7e-m+fp/hard/crti.o
 .ARM.attributes
                0x000000000000001e       0x34 D:/Installed Programs/STM32CubeIDE_1.13.2/STM32CubeIDE/plugins/com.st.stm32cube.ide.mcu.externaltools.gnu-tools-for-stm32.11.3.rel1.win32_1.1.1.202309131626/tools/bin/../lib/gcc/arm-none-eabi/11.3.1/thumb/v7e-m+fp/hard/crtbegin.o
 .ARM.attributes
                0x0000000000000052       0x34 ./Src/HAL/LED/LED_LCFG.o
 .ARM.attributes
                0x0000000000000086       0x34 ./Src/HAL/LED/LED_program.o
 .ARM.attributes
                0x00000000000000ba       0x34 ./Src/MCAL/EXTI/EXTI_program.o
 .ARM.attributes
                0x00000000000000ee       0x34 ./Src/MCAL/GPIO/GPIO_program.o
 .ARM.attributes
                0x0000000000000122       0x34 ./Src/MCAL/NVIC/NVIC_program.o
 .ARM.attributes
                0x0000000000000156       0x34 ./Src/MCAL/RCC/RCC_program.o
 .ARM.attributes
                0x000000000000018a       0x34 ./Src/MCAL/SCB/SCB_program.o
 .ARM.attributes
                0x00000000000001be       0x34 ./Src/MCAL/SYSTICK/SYSTICK_program.o
 .ARM.attributes
                0x00000000000001f2       0x34 ./Src/main.o
 .ARM.attributes
                0x0000000000000226       0x34 ./Startup/System_Init.o
 .ARM.attributes
                0x000000000000025a       0x21 ./Startup/startup_stm32f401ccux.o
 .ARM.attributes
                0x000000000000027b       0x34 D:/Installed Programs/STM32CubeIDE_1.13.2/STM32CubeIDE/plugins/com.st.stm32cube.ide.mcu.externaltools.gnu-tools-for-stm32.11.3.rel1.win32_1.1.1.202309131626/tools/bin/../lib/gcc/arm-none-eabi/11.3.1/../../../../arm-none-eabi/lib/thumb/v7e-m+fp/hard\libc_nano.a(libc_a-init.o)
 .ARM.attributes
                0x00000000000002af       0x1e D:/Installed Programs/STM32CubeIDE_1.13.2/STM32CubeIDE/plugins/com.st.stm32cube.ide.mcu.externaltools.gnu-tools-for-stm32.11.3.rel1.win32_1.1.1.202309131626/tools/bin/../lib/gcc/arm-none-eabi/11.3.1/thumb/v7e-m+fp/hard/crtn.o
OUTPUT(STM32F401CCU6_COTS.elf elf32-littlearm)
LOAD linker stubs
LOAD D:/Installed Programs/STM32CubeIDE_1.13.2/STM32CubeIDE/plugins/com.st.stm32cube.ide.mcu.externaltools.gnu-tools-for-stm32.11.3.rel1.win32_1.1.1.202309131626/tools/bin/../lib/gcc/arm-none-eabi/11.3.1/../../../../arm-none-eabi/lib/thumb/v7e-m+fp/hard\libc.a
LOAD D:/Installed Programs/STM32CubeIDE_1.13.2/STM32CubeIDE/plugins/com.st.stm32cube.ide.mcu.externaltools.gnu-tools-for-stm32.11.3.rel1.win32_1.1.1.202309131626/tools/bin/../lib/gcc/arm-none-eabi/11.3.1/../../../../arm-none-eabi/lib/thumb/v7e-m+fp/hard\libm.a
LOAD D:/Installed Programs/STM32CubeIDE_1.13.2/STM32CubeIDE/plugins/com.st.stm32cube.ide.mcu.externaltools.gnu-tools-for-stm32.11.3.rel1.win32_1.1.1.202309131626/tools/bin/../lib/gcc/arm-none-eabi/11.3.1/thumb/v7e-m+fp/hard\libgcc.a

.comment        0x0000000000000000       0x43
 .comment       0x0000000000000000       0x43 D:/Installed Programs/STM32CubeIDE_1.13.2/STM32CubeIDE/plugins/com.st.stm32cube.ide.mcu.externaltools.gnu-tools-for-stm32.11.3.rel1.win32_1.1.1.202309131626/tools/bin/../lib/gcc/arm-none-eabi/11.3.1/thumb/v7e-m+fp/hard/crtbegin.o
                                         0x44 (size before relaxing)
 .comment       0x0000000000000043       0x44 ./Src/HAL/LED/LED_LCFG.o
 .comment       0x0000000000000043       0x44 ./Src/HAL/LED/LED_program.o
 .comment       0x0000000000000043       0x44 ./Src/MCAL/EXTI/EXTI_program.o
 .comment       0x0000000000000043       0x44 ./Src/MCAL/GPIO/GPIO_program.o
 .comment       0x0000000000000043       0x44 ./Src/MCAL/NVIC/NVIC_program.o
 .comment       0x0000000000000043       0x44 ./Src/MCAL/RCC/RCC_program.o
 .comment       0x0000000000000043       0x44 ./Src/MCAL/SCB/SCB_program.o
 .comment       0x0000000000000043       0x44 ./Src/MCAL/SYSTICK/SYSTICK_program.o
 .comment       0x0000000000000043       0x44 ./Src/main.o
 .comment       0x0000000000000043       0x44 ./Startup/System_Init.o

.debug_frame    0x0000000000000000       0x2c
 .debug_frame   0x0000000000000000       0x2c D:/Installed Programs/STM32CubeIDE_1.13.2/STM32CubeIDE/plugins/com.st.stm32cube.ide.mcu.externaltools.gnu-tools-for-stm32.11.3.rel1.win32_1.1.1.202309131626/tools/bin/../lib/gcc/arm-none-eabi/11.3.1/../../../../arm-none-eabi/lib/thumb/v7e-m+fp/hard\libc_nano.a(libc_a-init.o)
