../Core/Src/bootloader.c:63:13:Bootloader_Send_ACK	24	static
../Core/Src/bootloader.c:70:13:Bootloader_Send_NACK	16	static
../Core/Src/bootloader.c:75:16:Bootloader_CRC_Verify	40	static
../Core/Src/bootloader.c:100:13:Bootloader_Send_Data_To_Host	16	static
../Core/Src/bootloader.c:105:16:Host_Address_Verification	24	static
../Core/Src/bootloader.c:118:16:Perform_Flash_Erase	48	static
../Core/Src/bootloader.c:176:16:Flash_Memory_Write_Payload	40	static
../Core/Src/bootloader.c:214:13:bootloader_jump_to_user_app	16	static
../Core/Src/bootloader.c:230:16:CBL_STM32F401CCx_Get_RDP_Level	40	static
../Core/Src/bootloader.c:237:16:Change_ROP_Level	48	static
../Core/Src/bootloader.c:293:16:CBL_ED_WriteProtection	48	static
../Core/Src/bootloader.c:357:16:CBL_Get_WriteProtection_Status	48	static
../Core/Src/bootloader.c:371:13:Bootloader_Get_Version	32	static
../Core/Src/bootloader.c:400:13:Bootloader_Get_Help	24	static
../Core/Src/bootloader.c:428:13:Bootloader_Get_Chip_Identification_Number	32	static
../Core/Src/bootloader.c:459:13:Bootloader_Jump_To_Address	40	static
../Core/Src/bootloader.c:514:13:Bootloader_Erase_Flash	32	static
../Core/Src/bootloader.c:560:13:Bootloader_Memory_Write	32	static
../Core/Src/bootloader.c:624:13:Bootloader_Read_Protection_Level	32	static
../Core/Src/bootloader.c:657:13:Bootloader_Change_Read_Protection_Level	32	static
../Core/Src/bootloader.c:706:13:Bootloader_ED_WriteProtection	32	static
../Core/Src/bootloader.c:743:13:Bootloader_Get_Sector_Protection_Status	32	static
../Core/Src/bootloader.c:775:13:Bootloader_Jump_To_Main_App	24	static
../Core/Src/bootloader.c:808:11:BL_Print_Message	120	static
../Core/Src/bootloader.c:827:11:BL_UART_Fetch_Host_Command	16	static
